<html>
<body>
<pre>
<h1>礦ision Build Log</h1>
<h2>Tool Versions:</h2>
IDE-Version: μVision V5.23.0.0
Copyright (C) 2017 ARM Ltd and ARM Germany GmbH. All rights reserved.
License Information: Zczhac yanxu9958@outlook.com, vadvadvdv, LIC=14HWF-6NS6A-01LP1-CYSM1-GY9ST-VXV3D
 
Tool Versions:
Toolchain:       MDK-ARM Plus  Version: 5.23
Toolchain Path:  C:\Keil_v5\ARM\ARMCC\Bin
C Compiler:      Armcc.exe V5.06 update 4 (build 422)
Assembler:       Armasm.exe V5.06 update 4 (build 422)
Linker/Locator:  ArmLink.exe V5.06 update 4 (build 422)
Library Manager: ArmAr.exe V5.06 update 4 (build 422)
Hex Converter:   FromElf.exe V5.06 update 4 (build 422)
CPU DLL:         SARMCM3.DLL V5.23
Dialog DLL:      DARMSTM.DLL V1.68.0.0
Target DLL:      STLink\ST-LINKIII-KEIL_SWO.dll V2.0.18.0
Dialog DLL:      TARMSTM.DLL V1.66.0.0
 
<h2>Project:</h2>
C:\Users\yanxu\Desktop\源动力科技四轴资料盘\源动力科技四轴资料盘\4：源码、原理图\源码\四轴飞行器\four rotor v1.8.6\four rotor\four rotor\user\four rotor.uvprojx
Project File Date:  06/04/2018

<h2>Output:</h2>
*** Using Compiler 'V5.06 update 4 (build 422)', folder: 'C:\Keil_v5\ARM\ARMCC\Bin'
Rebuild target 'four rotor'
compiling system_stm32f10x.c...
compiling stm32f10x_it.c...
compiling main.c...
compiling systick.c...
compiling led.c...
compiling timer.c...
compiling nvic.c...
compiling iic.c...
compiling mpu6050.c...
compiling gyro_cal.c...
compiling mag_cal.c...
compiling acc_cal.c...
compiling filter.c...
compiling fc_status.c...
compiling usart3.c...
compiling spi.c...
compiling usart2.c...
compiling parse_packet.c...
compiling nrf24l01.c...
compiling imu.c...
compiling ist8310.c...
compiling imath.c...
compiling spl06.c...
compiling controller.c...
compiling pwm.c...
compiling pid.c...
compiling adc.c...
compiling nav.c...
compiling flash.c...
compiling sins.c...
compiling pair_freq.c...
compiling flow.c...
compiling stm32f10x_dma.c...
compiling misc.c...
compiling stm32f10x_adc.c...
compiling stm32f10x_gpio.c...
compiling stm32f10x_rcc.c...
compiling stm32f10x_flash.c...
compiling stm32f10x_spi.c...
compiling stm32f10x_usart.c...
compiling stm32f10x_tim.c...
assembling startup_stm32f10x_md.s...
compiling core_cm3.c...
linking...
Program Size: Code=36340 RO-data=1516 RW-data=232 ZI-data=4184  
FromELF: creating hex file...
"..\out_file\four rotor.axf" - 0 Error(s), 0 Warning(s).

<h2>Collection of Component include folders:</h2>
  .\RTE\_four_rotor
  C:\Keil_v5\ARM\PACK\Keil\STM32F1xx_DFP\1.0.5\Device\Include

<h2>Collection of Component Files used:</h2>
Build Time Elapsed:  00:00:17
</pre>
</body>
</html>
