Component: ARM Compiler 5.06 update 4 (build 422) Tool: armlink [4d35d2]

==============================================================================

Section Cross References

    main.o(i.main) refers to system_stm32f10x.o(i.SystemInit) for SystemInit
    main.o(i.main) refers to systick.o(i.systick_init) for systick_init
    main.o(i.main) refers to led.o(i.led_init) for led_init
    main.o(i.main) refers to fc_status.o(i.get_chip_id) for get_chip_id
    main.o(i.main) refers to usart2.o(i.usart2_init) for usart2_init
    main.o(i.main) refers to usart3.o(i.usart3_init) for usart3_init
    main.o(i.main) refers to pwm.o(i.pwm_init) for pwm_init
    main.o(i.main) refers to systick.o(i.delay_ms) for delay_ms
    main.o(i.main) refers to spi.o(i.Spi_Init) for Spi_Init
    main.o(i.main) refers to nrf24l01.o(i.NRF24L01_Init) for NRF24L01_Init
    main.o(i.main) refers to led.o(i.led_toggle) for led_toggle
    main.o(i.main) refers to nrf24l01.o(i.NRF24L01_Check) for NRF24L01_Check
    main.o(i.main) refers to nrf24l01.o(i.NRF24L01_RX_Mode) for NRF24L01_RX_Mode
    main.o(i.main) refers to pair_freq.o(i.wait_pairing) for wait_pairing
    main.o(i.main) refers to iic.o(i.IIC_Init) for IIC_Init
    main.o(i.main) refers to mpu6050.o(i.mpu6050_init) for mpu6050_init
    main.o(i.main) refers to mpu6050.o(i.get_mpu_id) for get_mpu_id
    main.o(i.main) refers to spl06.o(i.spl_init) for spl_init
    main.o(i.main) refers to mpu6050.o(i.get_iir_factor) for get_iir_factor
    main.o(i.main) refers to adc.o(i.adc_init) for adc_init
    main.o(i.main) refers to pid.o(i.all_pid_init) for all_pid_init
    main.o(i.main) refers to acc_cal.o(i.read_cal_dat) for read_cal_dat
    main.o(i.main) refers to led.o(i.led_off_all) for led_off_all
    main.o(i.main) refers to timer.o(i.timer_init) for timer_init
    main.o(i.main) refers to nvic.o(i.NVIC_config) for NVIC_config
    main.o(i.main) refers to gyro_cal.o(i.gyro_cal) for gyro_cal
    main.o(i.main) refers to acc_cal.o(i.acc_cal) for acc_cal
    main.o(i.main) refers to parse_packet.o(i.parse_key_info) for parse_key_info
    main.o(i.main) refers to adc.o(i.voltage_detection) for voltage_detection
    main.o(i.main) refers to mpu6050.o(.bss) for Mpu
    main.o(i.main) refers to flow.o(.bss) for flow
    system_stm32f10x.o(i.SetSysClock) refers to system_stm32f10x.o(i.SetSysClockTo72) for SetSysClockTo72
    system_stm32f10x.o(i.SystemCoreClockUpdate) refers to system_stm32f10x.o(.data) for SystemCoreClock
    system_stm32f10x.o(i.SystemInit) refers to system_stm32f10x.o(i.SetSysClock) for SetSysClock
    systick.o(i.SysTick_Handler) refers to systick.o(.data) for tick_count
    systick.o(i.delay_ms) refers to systick.o(.data) for tick_count
    systick.o(i.delay_us) refers to systick.o(.data) for tick_count
    systick.o(i.systick_init) refers to system_stm32f10x.o(.data) for SystemCoreClock
    led.o(i.blink) refers to led.o(i.led_toggle) for led_toggle
    led.o(i.blink) refers to led.o(.data) for blink_speed_cnt
    led.o(i.blink_polling) refers to led.o(i.blink) for blink
    led.o(i.blink_polling) refers to led.o(i.led_off_all) for led_off_all
    led.o(i.blink_polling) refers to fc_status.o(.data) for fc
    led.o(i.blink_polling) refers to acc_cal.o(.bss) for cal_acc
    led.o(i.blink_polling) refers to gyro_cal.o(.bss) for cal_gyro
    led.o(i.blink_polling) refers to parse_packet.o(.bss) for rc
    led.o(i.blink_polling) refers to led.o(.data) for exchange_cnt
    led.o(i.blink_polling) refers to adc.o(.bss) for bat
    led.o(i.led_init) refers to stm32f10x_rcc.o(i.RCC_APB2PeriphClockCmd) for RCC_APB2PeriphClockCmd
    led.o(i.led_init) refers to stm32f10x_gpio.o(i.GPIO_Init) for GPIO_Init
    led.o(i.led_init) refers to led.o(i.led_on_all) for led_on_all
    led.o(i.led_off_all) refers to led.o(i.led_off) for led_off
    led.o(i.led_on_all) refers to led.o(i.led_on) for led_on
    timer.o(i.TIM3_IRQHandler) refers to timer.o(i.time_check) for time_check
    timer.o(i.TIM3_IRQHandler) refers to parse_packet.o(i.nrf_parse_packet) for nrf_parse_packet
    timer.o(i.TIM3_IRQHandler) refers to mpu6050.o(i.get_gyro_raw) for get_gyro_raw
    timer.o(i.TIM3_IRQHandler) refers to mpu6050.o(i.get_deg_s) for get_deg_s
    timer.o(i.TIM3_IRQHandler) refers to mpu6050.o(i.get_rad_s) for get_rad_s
    timer.o(i.TIM3_IRQHandler) refers to mpu6050.o(i.get_acc_raw) for get_acc_raw
    timer.o(i.TIM3_IRQHandler) refers to mpu6050.o(i.acc_iir_lpf) for acc_iir_lpf
    timer.o(i.TIM3_IRQHandler) refers to mpu6050.o(i.get_acc_g) for get_acc_g
    timer.o(i.TIM3_IRQHandler) refers to spl06.o(i.get_spl_status) for get_spl_status
    timer.o(i.TIM3_IRQHandler) refers to imu.o(i.mahony_update) for mahony_update
    timer.o(i.TIM3_IRQHandler) refers to imu.o(i.Matrix_ready) for Matrix_ready
    timer.o(i.TIM3_IRQHandler) refers to flow.o(i.flow_handle) for flow_handle
    timer.o(i.TIM3_IRQHandler) refers to controller.o(i._controller_detect) for _controller_detect
[...]

    Global Symbols

    Symbol Name                              Value     Ov Type        Size  Object(Section)

    BuildAttributes$$THM_ISAv4$P$D$K$B$S$PE$A:L22UL41UL21$X:L11$S22US41US21$IEEE1$IW$USESV6$~STKCKD$USESV7$~SHL$OTIME$ROPI$IEEEX$EBA8$UX$STANDARDLIB$REQ8$PRES8$EABIv2 0x00000000   Number         0  anon$$obj.o ABSOLUTE
    __ARM_use_no_argv                        0x00000000   Number         0  main.o ABSOLUTE
    __ARM_exceptions_init                     - Undefined Weak Reference
    __alloca_initialize                       - Undefined Weak Reference
    __arm_preinit_                            - Undefined Weak Reference
    __cpp_initialize__aeabi_                  - Undefined Weak Reference
    __cxa_finalize                            - Undefined Weak Reference
    __rt_locale                               - Undefined Weak Reference
    __sigvec_lookup                           - Undefined Weak Reference
    _atexit_init                              - Undefined Weak Reference
    _call_atexit_fns                          - Undefined Weak Reference
    _clock_init                               - Undefined Weak Reference
    _fp_trap_init                             - Undefined Weak Reference
    _fp_trap_shutdown                         - Undefined Weak Reference
    _get_lc_collate                           - Undefined Weak Reference
    _get_lc_ctype                             - Undefined Weak Reference
    _get_lc_monetary                          - Undefined Weak Reference
    _get_lc_numeric                           - Undefined Weak Reference
    _get_lc_time                              - Undefined Weak Reference
    _getenv_init                              - Undefined Weak Reference
    _handle_redirection                       - Undefined Weak Reference
    _init_alloc                               - Undefined Weak Reference
    _init_user_alloc                          - Undefined Weak Reference
    _initio                                   - Undefined Weak Reference
    _rand_init                                - Undefined Weak Reference
    _signal_finish                            - Undefined Weak Reference
    _signal_init                              - Undefined Weak Reference
    _terminate_alloc                          - Undefined Weak Reference
    _terminate_user_alloc                     - Undefined Weak Reference
    _terminateio                              - Undefined Weak Reference
    __Vectors_Size                           0x000000ec   Number         0  startup_stm32f10x_md.o ABSOLUTE
    __Vectors                                0x08000000   Data           4  startup_stm32f10x_md.o(RESET)
    __Vectors_End                            0x080000ec   Data           0  startup_stm32f10x_md.o(RESET)
    __main                                   0x080000ed   Thumb Code     8  __main.o(!!!main)
    __scatterload                            0x080000f5   Thumb Code     0  __scatter.o(!!!scatter)
    __scatterload_rt2                        0x080000f5   Thumb Code    44  __scatter.o(!!!scatter)
    __scatterload_rt2_thumb_only             0x080000f5   Thumb Code     0  __scatter.o(!!!scatter)
    __scatterload_null                       0x08000103   Thumb Code     0  __scatter.o(!!!scatter)
    __scatterload_copy                       0x08000129   Thumb Code    26  __scatter_copy.o(!!handler_copy)
    __scatterload_zeroinit                   0x08000145   Thumb Code    28  __scatter_zi.o(!!handler_zi)
    __rt_lib_init                            0x08000161   Thumb Code     0  libinit.o(.ARM.Collect$$libinit$$00000000)
    __rt_lib_init_alloca_1                   0x08000163   Thumb Code     0  libinit2.o(.ARM.Collect$$libinit$$0000002E)
    __rt_lib_init_argv_1                     0x08000163   Thumb Code     0  libinit2.o(.ARM.Collect$$libinit$$0000002C)
    __rt_lib_init_atexit_1                   0x08000163   Thumb Code     0  libinit2.o(.ARM.Collect$$libinit$$0000001B)
    __rt_lib_init_clock_1                    0x08000163   Thumb Code     0  libinit2.o(.ARM.Collect$$libinit$$00000021)
    __rt_lib_init_cpp_1                      0x08000163   Thumb Code     0  libinit2.o(.ARM.Collect$$libinit$$00000032)
    __rt_lib_init_exceptions_1               0x08000163   Thumb Code     0  libinit2.o(.ARM.Collect$$libinit$$00000030)
    __rt_lib_init_fp_1                       0x08000163   Thumb Code     0  libinit2.o(.ARM.Collect$$libinit$$00000002)
    __rt_lib_init_fp_trap_1                  0x08000163   Thumb Code     0  libinit2.o(.ARM.Collect$$libinit$$0000001F)
    __rt_lib_init_getenv_1                   0x08000163   Thumb Code     0  libinit2.o(.ARM.Collect$$libinit$$00000023)
    __rt_lib_init_heap_1                     0x08000163   Thumb Code     0  libinit2.o(.ARM.Collect$$libinit$$0000000A)
    __rt_lib_init_lc_collate_1               0x08000163   Thumb Code     0  libinit2.o(.ARM.Collect$$libinit$$00000011)
    __rt_lib_init_lc_ctype_1                 0x08000163   Thumb Code     0  libinit2.o(.ARM.Collect$$libinit$$00000013)
    __rt_lib_init_lc_monetary_1              0x08000163   Thumb Code     0  libinit2.o(.ARM.Collect$$libinit$$00000015)
    __rt_lib_init_lc_numeric_1               0x08000163   Thumb Code     0  libinit2.o(.ARM.Collect$$libinit$$00000017)
    __rt_lib_init_lc_time_1                  0x08000163   Thumb Code     0  libinit2.o(.ARM.Collect$$libinit$$00000019)
    __rt_lib_init_preinit_1                  0x08000163   Thumb Code     0  libinit2.o(.ARM.Collect$$libinit$$00000004)
    __rt_lib_init_rand_1                     0x08000163   Thumb Code     0  libinit2.o(.ARM.Collect$$libinit$$0000000E)
    __rt_lib_init_return                     0x08000163   Thumb Code     0  libinit2.o(.ARM.Collect$$libinit$$00000033)
    __rt_lib_init_signal_1                   0x08000163   Thumb Code     0  libinit2.o(.ARM.Collect$$libinit$$0000001D)
    __rt_lib_init_stdio_1                    0x08000163   Thumb Code     0  libinit2.o(.ARM.Collect$$libinit$$00000025)
    __rt_lib_init_user_alloc_1               0x08000163   Thumb Code     0  libinit2.o(.ARM.Collect$$libinit$$0000000C)
    __rt_lib_shutdown                        0x08000165   Thumb Code     0  libshutdown.o(.ARM.Collect$$libshutdown$$00000000)
    __rt_lib_shutdown_cpp_1                  0x08000167   Thumb Code     0  libshutdown2.o(.ARM.Collect$$libshutdown$$00000002)
    __rt_lib_shutdown_fp_trap_1              0x08000167   Thumb Code     0  libshutdown2.o(.ARM.Collect$$libshutdown$$00000007)
    __rt_lib_shutdown_heap_1                 0x08000167   Thumb Code     0  libshutdown2.o(.ARM.Collect$$libshutdown$$0000000F)
    __rt_lib_shutdown_return                 0x08000167   Thumb Code     0  libshutdown2.o(.ARM.Collect$$libshutdown$$00000010)
    __rt_lib_shutdown_signal_1               0x08000167   Thumb Code     0  libshutdown2.o(.ARM.Collect$$libshutdown$$0000000A)
    __rt_lib_shutdown_stdio_1                0x08000167   Thumb Code     0  libshutdown2.o(.ARM.Collect$$libshutdown$$00000004)
    __rt_lib_shutdown_user_alloc_1           0x08000167   Thumb Code     0  libshutdown2.o(.ARM.Collect$$libshutdown$$0000000C)
    __rt_entry                               0x08000169   Thumb Code     0  __rtentry.o(.ARM.Collect$$rtentry$$00000000)
    __rt_entry_presh_1                       0x08000169   Thumb Code     0  __rtentry2.o(.ARM.Collect$$rtentry$$00000002)
    __rt_entry_sh                            0x08000169   Thumb Code     0  __rtentry4.o(.ARM.Collect$$rtentry$$00000004)
    __rt_entry_li                            0x0800016f   Thumb Code     0  __rtentry2.o(.ARM.Collect$$rtentry$$0000000A)
    __rt_entry_postsh_1                      0x0800016f   Thumb Code     0  __rtentry2.o(.ARM.Collect$$rtentry$$00000009)
    __rt_entry_main                          0x08000173   Thumb Code     0  __rtentry2.o(.ARM.Collect$$rtentry$$0000000D)
    __rt_entry_postli_1                      0x08000173   Thumb Code     0  __rtentry2.o(.ARM.Collect$$rtentry$$0000000C)
    __rt_exit                                0x0800017b   Thumb Code     0  rtexit.o(.ARM.Collect$$rtexit$$00000000)
    __rt_exit_ls                             0x0800017d   Thumb Code     0  rtexit2.o(.ARM.Collect$$rtexit$$00000003)
    __rt_exit_prels_1                        0x0800017d   Thumb Code     0  rtexit2.o(.ARM.Collect$$rtexit$$00000002)
    __rt_exit_exit                           0x08000181   Thumb Code     0  rtexit2.o(.ARM.Collect$$rtexit$$00000004)
    Reset_Handler                            0x08000189   Thumb Code     8  startup_stm32f10x_md.o(.text)
    ADC1_2_IRQHandler                        0x080001a3   Thumb Code     0  startup_stm32f10x_md.o(.text)
    CAN1_RX1_IRQHandler                      0x080001a3   Thumb Code     0  startup_stm32f10x_md.o(.text)
    CAN1_SCE_IRQHandler                      0x080001a3   Thumb Code     0  startup_stm32f10x_md.o(.text)
    DMA1_Channel1_IRQHandler                 0x080001a3   Thumb Code     0  startup_stm32f10x_md.o(.text)
    DMA1_Channel2_IRQHandler                 0x080001a3   Thumb Code     0  startup_stm32f10x_md.o(.text)
    DMA1_Channel3_IRQHandler                 0x080001a3   Thumb Code     0  startup_stm32f10x_md.o(.text)
    DMA1_Channel4_IRQHandler                 0x080001a3   Thumb Code     0  startup_stm32f10x_md.o(.text)
    DMA1_Channel5_IRQHandler                 0x080001a3   Thumb Code     0  startup_stm32f10x_md.o(.text)
    DMA1_Channel6_IRQHandler                 0x080001a3   Thumb Code     0  startup_stm32f10x_md.o(.text)
    DMA1_Channel7_IRQHandler                 0x080001a3   Thumb Code     0  startup_stm32f10x_md.o(.text)
    EXTI0_IRQHandler                         0x080001a3   Thumb Code     0  startup_stm32f10x_md.o(.text)
    EXTI15_10_IRQHandler                     0x080001a3   Thumb Code     0  startup_stm32f10x_md.o(.text)
    EXTI1_IRQHandler                         0x080001a3   Thumb Code     0  startup_stm32f10x_md.o(.text)
    EXTI2_IRQHandler                         0x080001a3   Thumb Code     0  startup_stm32f10x_md.o(.text)
    EXTI3_IRQHandler                         0x080001a3   Thumb Code     0  startup_stm32f10x_md.o(.text)
    EXTI4_IRQHandler                         0x080001a3   Thumb Code     0  startup_stm32f10x_md.o(.text)
    EXTI9_5_IRQHandler                       0x080001a3   Thumb Code     0  startup_stm32f10x_md.o(.text)
    FLASH_IRQHandler                         0x080001a3   Thumb Code     0  startup_stm32f10x_md.o(.text)
    I2C1_ER_IRQHandler                       0x080001a3   Thumb Code     0  startup_stm32f10x_md.o(.text)
    I2C1_EV_IRQHandler                       0x080001a3   Thumb Code     0  startup_stm32f10x_md.o(.text)
    I2C2_ER_IRQHandler                       0x080001a3   Thumb Code     0  startup_stm32f10x_md.o(.text)
    I2C2_EV_IRQHandler                       0x080001a3   Thumb Code     0  startup_stm32f10x_md.o(.text)
    PVD_IRQHandler                           0x080001a3   Thumb Code     0  startup_stm32f10x_md.o(.text)
    RCC_IRQHandler                           0x080001a3   Thumb Code     0  startup_stm32f10x_md.o(.text)
    RTCAlarm_IRQHandler                      0x080001a3   Thumb Code     0  startup_stm32f10x_md.o(.text)
    RTC_IRQHandler                           0x080001a3   Thumb Code     0  startup_stm32f10x_md.o(.text)
    SPI1_IRQHandler                          0x080001a3   Thumb Code     0  startup_stm32f10x_md.o(.text)
    SPI2_IRQHandler                          0x080001a3   Thumb Code     0  startup_stm32f10x_md.o(.text)
    TAMPER_IRQHandler                        0x080001a3   Thumb Code     0  startup_stm32f10x_md.o(.text)
    TIM1_BRK_IRQHandler                      0x080001a3   Thumb Code     0  startup_stm32f10x_md.o(.text)
    TIM1_CC_IRQHandler                       0x080001a3   Thumb Code     0  startup_stm32f10x_md.o(.text)
    TIM1_TRG_COM_IRQHandler                  0x080001a3   Thumb Code     0  startup_stm32f10x_md.o(.text)
    TIM1_UP_IRQHandler                       0x080001a3   Thumb Code     0  startup_stm32f10x_md.o(.text)
    TIM2_IRQHandler                          0x080001a3   Thumb Code     0  startup_stm32f10x_md.o(.text)
    TIM4_IRQHandler                          0x080001a3   Thumb Code     0  startup_stm32f10x_md.o(.text)
    USART1_IRQHandler                        0x080001a3   Thumb Code     0  startup_stm32f10x_md.o(.text)
    USART2_IRQHandler                        0x080001a3   Thumb Code     0  startup_stm32f10x_md.o(.text)
    USBWakeUp_IRQHandler                     0x080001a3   Thumb Code     0  startup_stm32f10x_md.o(.text)
    USB_HP_CAN1_TX_IRQHandler                0x080001a3   Thumb Code     0  startup_stm32f10x_md.o(.text)
    USB_LP_CAN1_RX0_IRQHandler               0x080001a3   Thumb Code     0  startup_stm32f10x_md.o(.text)
    WWDG_IRQHandler                          0x080001a3   Thumb Code     0  startup_stm32f10x_md.o(.text)
    __user_initial_stackheap                 0x080001a5   Thumb Code     0  startup_stm32f10x_md.o(.text)
    __aeabi_memclr4                          0x080001c9   Thumb Code     0  rt_memclr_w.o(.text)
    __aeabi_memclr8                          0x080001c9   Thumb Code     0  rt_memclr_w.o(.text)
    __rt_memclr_w                            0x080001c9   Thumb Code    78  rt_memclr_w.o(.text)
    _memset_w                                0x080001cd   Thumb Code     0  rt_memclr_w.o(.text)
    __use_two_region_memory                  0x08000217   Thumb Code     2  heapauxi.o(.text)
    __rt_heap_escrow$2region                 0x08000219   Thumb Code     2  heapauxi.o(.text)
    __rt_heap_expand$2region                 0x0800021b   Thumb Code     2  heapauxi.o(.text)
    __read_errno                             0x0800021d   Thumb Code    10  _rserrno.o(.text)
    __set_errno                              0x08000227   Thumb Code    12  _rserrno.o(.text)
    __aeabi_errno_addr                       0x08000235   Thumb Code     8  rt_errno_addr_intlibspace.o(.text)
    __errno$intlibspace                      0x08000235   Thumb Code     0  rt_errno_addr_intlibspace.o(.text)
    __rt_errno_addr$intlibspace              0x08000235   Thumb Code     0  rt_errno_addr_intlibspace.o(.text)
    __user_libspace                          0x0800023d   Thumb Code     8  libspace.o(.text)
    __user_perproc_libspace                  0x0800023d   Thumb Code     0  libspace.o(.text)
    __user_perthread_libspace                0x0800023d   Thumb Code     0  libspace.o(.text)
    __user_setup_stackheap                   0x08000245   Thumb Code    74  sys_stackheap_outer.o(.text)
    exit                                     0x0800028f   Thumb Code    18  exit.o(.text)
    _sys_exit                                0x080002a1   Thumb Code     8  sys_exit.o(.text)
    __I$use$semihosting                      0x080002ad   Thumb Code     0  use_no_semi.o(.text)
    __use_no_semihosting_swi                 0x080002ad   Thumb Code     2  use_no_semi.o(.text)
    ADC_Cmd                                  0x080002af   Thumb Code    22  stm32f10x_adc.o(i.ADC_Cmd)
    __semihosting_library_function           0x080002af   Thumb Code     0  indicate_semi.o(.text)
    ADC_DMACmd                               0x080002c5   Thumb Code    22  stm32f10x_adc.o(i.ADC_DMACmd)
    ADC_GetCalibrationStatus                 0x080002db   Thumb Code    20  stm32f10x_adc.o(i.ADC_GetCalibrationStatus)
    ADC_Init                                 0x080002f1   Thumb Code    70  stm32f10x_adc.o(i.ADC_Init)
    ADC_RegularChannelConfig                 0x08000341   Thumb Code   184  stm32f10x_adc.o(i.ADC_RegularChannelConfig)
    ADC_ResetCalibration                     0x080003f9   Thumb Code    10  stm32f10x_adc.o(i.ADC_ResetCalibration)
    ADC_SoftwareStartConvCmd                 0x08000403   Thumb Code    22  stm32f10x_adc.o(i.ADC_SoftwareStartConvCmd)
    ADC_StartCalibration                     0x08000419   Thumb Code    10  stm32f10x_adc.o(i.ADC_StartCalibration)
    ANO_DMA_SEND_DATA                        0x08000425   Thumb Code   352  usart2.o(i.ANO_DMA_SEND_DATA)
    ANO_DT_Send_Power                        0x080005ad   Thumb Code   174  usart2.o(i.ANO_DT_Send_Power)
    ANO_DT_Send_RCData                       0x08000665   Thumb Code   354  usart2.o(i.ANO_DT_Send_RCData)
    ANO_DT_Send_Senser                       0x080007cd   Thumb Code   378  usart2.o(i.ANO_DT_Send_Senser)
    ANO_DT_Send_Status                       0x0800094d   Thumb Code   330  usart2.o(i.ANO_DT_Send_Status)
    ANO_DT_Send_User                         0x08000aad   Thumb Code   850  usart2.o(i.ANO_DT_Send_User)
    BusFault_Handler                         0x08000e05   Thumb Code     4  stm32f10x_it.o(i.BusFault_Handler)
    Calibrate_Find_Delta                     0x08000e09   Thumb Code   306  acc_cal.o(i.Calibrate_Find_Delta)
    Calibrate_Reset_Matrices                 0x08000f3b   Thumb Code    52  acc_cal.o(i.Calibrate_Reset_Matrices)
    Calibrate_Update_Matrices                0x08000f6f   Thumb Code   254  acc_cal.o(i.Calibrate_Update_Matrices)
    Calibrate_accel                          0x0800106d   Thumb Code   590  acc_cal.o(i.Calibrate_accel)
    DMA_Cmd                                  0x080012d5   Thumb Code    24  stm32f10x_dma.o(i.DMA_Cmd)
    DMA_DeInit                               0x080012ed   Thumb Code   324  stm32f10x_dma.o(i.DMA_DeInit)
    DMA_Init                                 0x08001439   Thumb Code    60  stm32f10x_dma.o(i.DMA_Init)
    DebugMon_Handler                         0x08001475   Thumb Code     2  stm32f10x_it.o(i.DebugMon_Handler)
    FC_status_polling                        0x08001479   Thumb Code   278  fc_status.o(i.FC_status_polling)
    FLASH_ClearFlag                          0x080015a1   Thumb Code     6  stm32f10x_flash.o(i.FLASH_ClearFlag)
    FLASH_ErasePage                          0x080015ad   Thumb Code    72  stm32f10x_flash.o(i.FLASH_ErasePage)
    FLASH_GetBank1Status                     0x080015f9   Thumb Code    48  stm32f10x_flash.o(i.FLASH_GetBank1Status)
    FLASH_LockBank1                          0x0800162d   Thumb Code    14  stm32f10x_flash.o(i.FLASH_LockBank1)
    FLASH_ProgramWord                        0x08001641   Thumb Code   102  stm32f10x_flash.o(i.FLASH_ProgramWord)
    FLASH_UnlockBank1                        0x080016ad   Thumb Code    12  stm32f10x_flash.o(i.FLASH_UnlockBank1)
    FLASH_WaitForLastOperation               0x080016c5   Thumb Code    38  stm32f10x_flash.o(i.FLASH_WaitForLastOperation)
    GPIO_Init                                0x080016eb   Thumb Code   278  stm32f10x_gpio.o(i.GPIO_Init)
    GPIO_ResetBits                           0x08001801   Thumb Code     4  stm32f10x_gpio.o(i.GPIO_ResetBits)
    GPIO_SetBits                             0x08001805   Thumb Code     4  stm32f10x_gpio.o(i.GPIO_SetBits)
    HardFault_Handler                        0x08001809   Thumb Code     4  stm32f10x_it.o(i.HardFault_Handler)
    IIC_Init                                 0x0800180d   Thumb Code    94  iic.o(i.IIC_Init)
    IIC_Read_Byte                            0x08001871   Thumb Code    66  iic.o(i.IIC_Read_Byte)
    IIC_Read_One_Byte                        0x080018b9   Thumb Code    52  iic.o(i.IIC_Read_One_Byte)
    IIC_Send_Byte                            0x080018ed   Thumb Code   102  iic.o(i.IIC_Send_Byte)
    IIC_Slave_Ack                            0x08001959   Thumb Code    90  iic.o(i.IIC_Slave_Ack)
    IIC_Start                                0x080019b9   Thumb Code    38  iic.o(i.IIC_Start)
    IIC_Stop                                 0x080019e5   Thumb Code    60  iic.o(i.IIC_Stop)
    IIC_Write_One_Byte                       0x08001a25   Thumb Code    36  iic.o(i.IIC_Write_One_Byte)
    Matrix_ready                             0x08001a4d   Thumb Code   220  imu.o(i.Matrix_ready)
    MemManage_Handler                        0x08001b4d   Thumb Code     4  stm32f10x_it.o(i.MemManage_Handler)
    NMI_Handler                              0x08001b51   Thumb Code     2  stm32f10x_it.o(i.NMI_Handler)
    NRF24L01_Check                           0x08001b55   Thumb Code    66  nrf24l01.o(i.NRF24L01_Check)
    NRF24L01_Init                            0x08001ba1   Thumb Code    68  nrf24l01.o(i.NRF24L01_Init)
    NRF24L01_RX_Mode                         0x08001bed   Thumb Code    82  nrf24l01.o(i.NRF24L01_RX_Mode)
    NRF24L01_RxPacket                        0x08001c49   Thumb Code    52  nrf24l01.o(i.NRF24L01_RxPacket)
    NVIC_Init                                0x08001c7d   Thumb Code   100  misc.o(i.NVIC_Init)
    NVIC_PriorityGroupConfig                 0x08001ced   Thumb Code    10  misc.o(i.NVIC_PriorityGroupConfig)
    NVIC_config                              0x08001d01   Thumb Code    70  nvic.o(i.NVIC_config)
    PendSV_Handler                           0x08001d47   Thumb Code     2  stm32f10x_it.o(i.PendSV_Handler)
    RCC_ADCCLKConfig                         0x08001d49   Thumb Code    18  stm32f10x_rcc.o(i.RCC_ADCCLKConfig)
    RCC_AHBPeriphClockCmd                    0x08001d61   Thumb Code    26  stm32f10x_rcc.o(i.RCC_AHBPeriphClockCmd)
    RCC_APB1PeriphClockCmd                   0x08001d81   Thumb Code    26  stm32f10x_rcc.o(i.RCC_APB1PeriphClockCmd)
    RCC_APB2PeriphClockCmd                   0x08001da1   Thumb Code    26  stm32f10x_rcc.o(i.RCC_APB2PeriphClockCmd)
    RCC_GetClocksFreq                        0x08001dc1   Thumb Code   192  stm32f10x_rcc.o(i.RCC_GetClocksFreq)
    SDA_IN                                   0x08001e95   Thumb Code    26  iic.o(i.SDA_IN)
    SDA_OUT                                  0x08001eb5   Thumb Code    32  iic.o(i.SDA_OUT)
    SPI_Cmd                                  0x08001ed9   Thumb Code    24  stm32f10x_spi.o(i.SPI_Cmd)
    SPI_I2S_GetFlagStatus                    0x08001ef1   Thumb Code    18  stm32f10x_spi.o(i.SPI_I2S_GetFlagStatus)
    SPI_I2S_ReceiveData                      0x08001f03   Thumb Code     6  stm32f10x_spi.o(i.SPI_I2S_ReceiveData)
    SPI_I2S_SendData                         0x08001f09   Thumb Code     4  stm32f10x_spi.o(i.SPI_I2S_SendData)
    SPI_Init                                 0x08001f0d   Thumb Code    60  stm32f10x_spi.o(i.SPI_Init)
    SPI_Read_Buf                             0x08001f49   Thumb Code    60  nrf24l01.o(i.SPI_Read_Buf)
    SPI_Read_Reg                             0x08001f89   Thumb Code    38  nrf24l01.o(i.SPI_Read_Reg)
    SPI_Write_Buf                            0x08001fb5   Thumb Code    60  nrf24l01.o(i.SPI_Write_Buf)
    SPI_Write_Reg                            0x08001ff5   Thumb Code    40  nrf24l01.o(i.SPI_Write_Reg)
    SVC_Handler                              0x08002021   Thumb Code     2  stm32f10x_it.o(i.SVC_Handler)
    Spi_Init                                 0x0800210d   Thumb Code   156  spi.o(i.Spi_Init)
    Spi_RW_Byte                              0x080021b5   Thumb Code    50  spi.o(i.Spi_RW_Byte)
    SysTick_Handler                          0x080021ed   Thumb Code    18  systick.o(i.SysTick_Handler)
    SystemInit                               0x08002205   Thumb Code    78  system_stm32f10x.o(i.SystemInit)
    TIM3_IRQHandler                          0x08002265   Thumb Code   184  timer.o(i.TIM3_IRQHandler)
    TIM_ARRPreloadConfig                     0x08002341   Thumb Code    24  stm32f10x_tim.o(i.TIM_ARRPreloadConfig)
    TIM_ClearFlag                            0x08002359   Thumb Code     6  stm32f10x_tim.o(i.TIM_ClearFlag)
    TIM_Cmd                                  0x0800235f   Thumb Code    24  stm32f10x_tim.o(i.TIM_Cmd)
    TIM_CtrlPWMOutputs                       0x08002377   Thumb Code    30  stm32f10x_tim.o(i.TIM_CtrlPWMOutputs)
    TIM_ITConfig                             0x08002395   Thumb Code    18  stm32f10x_tim.o(i.TIM_ITConfig)
    TIM_OC1Init                              0x080023a9   Thumb Code   132  stm32f10x_tim.o(i.TIM_OC1Init)
    TIM_OC1PreloadConfig                     0x08002441   Thumb Code    18  stm32f10x_tim.o(i.TIM_OC1PreloadConfig)
    TIM_OC2Init                              0x08002455   Thumb Code   154  stm32f10x_tim.o(i.TIM_OC2Init)
    TIM_OC2PreloadConfig                     0x080024f9   Thumb Code    26  stm32f10x_tim.o(i.TIM_OC2PreloadConfig)
    TIM_OC3Init                              0x08002515   Thumb Code   150  stm32f10x_tim.o(i.TIM_OC3Init)
    TIM_OC3PreloadConfig                     0x080025b5   Thumb Code    18  stm32f10x_tim.o(i.TIM_OC3PreloadConfig)
    TIM_OC4Init                              0x080025c9   Thumb Code   114  stm32f10x_tim.o(i.TIM_OC4Init)
    TIM_OC4PreloadConfig                     0x08002645   Thumb Code    26  stm32f10x_tim.o(i.TIM_OC4PreloadConfig)
    TIM_TimeBaseInit                         0x08002661   Thumb Code   122  stm32f10x_tim.o(i.TIM_TimeBaseInit)
    USART2_DMA_Config                        0x08002705   Thumb Code    74  usart2.o(i.USART2_DMA_Config)
    USART2_DMA_SEND_DATA                     0x08002751   Thumb Code    40  usart2.o(i.USART2_DMA_SEND_DATA)
    USART3_IRQHandler                        0x08002781   Thumb Code    42  flow.o(i.USART3_IRQHandler)
    USART_ClearITPendingBit                  0x080027b5   Thumb Code    30  stm32f10x_usart.o(i.USART_ClearITPendingBit)
    USART_Cmd                                0x080027d3   Thumb Code    24  stm32f10x_usart.o(i.USART_Cmd)
    USART_DMACmd                             0x080027eb   Thumb Code    18  stm32f10x_usart.o(i.USART_DMACmd)
    USART_GetITStatus                        0x080027fd   Thumb Code    84  stm32f10x_usart.o(i.USART_GetITStatus)
    USART_ITConfig                           0x08002851   Thumb Code    74  stm32f10x_usart.o(i.USART_ITConfig)
    USART_Init                               0x0800289d   Thumb Code   210  stm32f10x_usart.o(i.USART_Init)
    USART_ReceiveData                        0x08002975   Thumb Code    10  stm32f10x_usart.o(i.USART_ReceiveData)
    UsageFault_Handler                       0x0800297f   Thumb Code     4  stm32f10x_it.o(i.UsageFault_Handler)
    __ARM_fpclassify                         0x08002983   Thumb Code    40  fpclassify.o(i.__ARM_fpclassify)
    __ARM_fpclassifyf                        0x080029ab   Thumb Code    38  fpclassifyf.o(i.__ARM_fpclassifyf)
    __ieee754_rem_pio2                       0x080029d1   Thumb Code   828  rred.o(i.__ieee754_rem_pio2)
    __kernel_cos                             0x08002d59   Thumb Code   230  cos_i.o(i.__kernel_cos)
    __kernel_poly                            0x08002e55   Thumb Code   170  poly.o(i.__kernel_poly)
    __kernel_sin                             0x08002f01   Thumb Code   224  sin_i.o(i.__kernel_sin)
    __kernel_tan                             0x08002fed   Thumb Code   586  tan_i.o(i.__kernel_tan)
    __mathlib_dbl_infnan                     0x08003269   Thumb Code     6  dunder.o(i.__mathlib_dbl_infnan)
    __mathlib_dbl_infnan2                    0x0800326f   Thumb Code     4  dunder.o(i.__mathlib_dbl_infnan2)
    __mathlib_dbl_invalid                    0x08003273   Thumb Code    12  dunder.o(i.__mathlib_dbl_invalid)
    __mathlib_dbl_underflow                  0x08003281   Thumb Code    10  dunder.o(i.__mathlib_dbl_underflow)
    __mathlib_flt_divzero                    0x08003291   Thumb Code    10  funder.o(i.__mathlib_flt_divzero)
    __mathlib_flt_infnan2                    0x0800329b   Thumb Code     4  funder.o(i.__mathlib_flt_infnan2)
    __mathlib_flt_invalid                    0x0800329f   Thumb Code     8  funder.o(i.__mathlib_flt_invalid)
    __mathlib_flt_overflow                   0x080032a7   Thumb Code    10  funder.o(i.__mathlib_flt_overflow)
    __mathlib_flt_underflow                  0x080032b1   Thumb Code    10  funder.o(i.__mathlib_flt_underflow)
    _controller_detect                       0x080032bd   Thumb Code   212  controller.o(i._controller_detect)
    _controller_output                       0x080033b1   Thumb Code   438  controller.o(i._controller_output)
    _controller_perform                      0x08003589   Thumb Code    72  controller.o(i._controller_perform)
    _set_val                                 0x080035d5   Thumb Code    14  imath.o(i._set_val)
    acc_cal                                  0x080035e5   Thumb Code   454  acc_cal.o(i.acc_cal)
    acc_cal_polling                          0x080037c5   Thumb Code   416  acc_cal.o(i.acc_cal_polling)
    acc_iir_lpf                              0x08003975   Thumb Code    92  mpu6050.o(i.acc_iir_lpf)
    adc_config                               0x080039d1   Thumb Code   136  adc.o(i.adc_config)
    adc_gpio_init                            0x08003a5d   Thumb Code    32  adc.o(i.adc_gpio_init)
    adc_init                                 0x08003a81   Thumb Code    16  adc.o(i.adc_init)
    all_pid_init                             0x08003a91   Thumb Code   148  pid.o(i.all_pid_init)
    angle_controller                         0x08003b31   Thumb Code   132  controller.o(i.angle_controller)
    asin                                     0x08003bc9   Thumb Code   572  asin.o(i.asin)
    atan                                     0x08003e39   Thumb Code   474  atan.o(i.atan)
    atan2                                    0x08004059   Thumb Code   346  atan2.o(i.atan2)
    blink                                    0x080041d9   Thumb Code   120  led.o(i.blink)
    blink_polling                            0x08004259   Thumb Code   640  led.o(i.blink_polling)
    butterworth_lpf                          0x080044f1   Thumb Code   116  filter.o(i.butterworth_lpf)
    clear_integral                           0x08004565   Thumb Code     6  pid.o(i.clear_integral)
    cos                                      0x0800456d   Thumb Code   148  cos.o(i.cos)
    delay_ms                                 0x08004609   Thumb Code    62  systick.o(i.delay_ms)
    direction_to_zero                        0x0800464d   Thumb Code    34  imath.o(i.direction_to_zero)
    dma_config                               0x08004671   Thumb Code    78  adc.o(i.dma_config)
    drop_alt                                 0x080046cd   Thumb Code    44  controller.o(i.drop_alt)
    fix_controller                           0x08004701   Thumb Code   322  controller.o(i.fix_controller)
    flash_read_cal                           0x0800485d   Thumb Code   434  flash.o(i.flash_read_cal)
    flash_write_cal                          0x08004a15   Thumb Code   254  flash.o(i.flash_write_cal)
    flow_handle                              0x08004b1d   Thumb Code   254  flow.o(i.flow_handle)
    flow_iir_lpf                             0x08004c35   Thumb Code    66  flow.o(i.flow_iir_lpf)
    flow_parse                               0x08004c79   Thumb Code   214  flow.o(i.flow_parse)
    get_acc_g                                0x08004d55   Thumb Code    44  mpu6050.o(i.get_acc_g)
    get_acc_raw                              0x08004d81   Thumb Code   220  mpu6050.o(i.get_acc_raw)
    get_chip_id                              0x08004e6d   Thumb Code    26  fc_status.o(i.get_chip_id)
    get_deg_s                                0x08004eb1   Thumb Code    38  mpu6050.o(i.get_deg_s)
    get_gyro_raw                             0x08004edd   Thumb Code   186  mpu6050.o(i.get_gyro_raw)
    get_iir_factor                           0x08004fad   Thumb Code    54  mpu6050.o(i.get_iir_factor)
    get_mpu_id                               0x08004fe9   Thumb Code    16  mpu6050.o(i.get_mpu_id)
    get_nav_acc                              0x08004ff9   Thumb Code   330  nav.o(i.get_nav_acc)
    get_rad_s                                0x08005159   Thumb Code    38  mpu6050.o(i.get_rad_s)
    get_spl_data                             0x08005185   Thumb Code    62  spl06.o(i.get_spl_data)
    get_spl_high                             0x080051cd   Thumb Code    62  spl06.o(i.get_spl_high)
    get_spl_status                           0x08005219   Thumb Code    80  spl06.o(i.get_spl_status)
    gyro_cal                                 0x08005275   Thumb Code   184  gyro_cal.o(i.gyro_cal)
    gyro_cal_polling                         0x08005339   Thumb Code   112  gyro_cal.o(i.gyro_cal_polling)
    gyro_controller                          0x080053b5   Thumb Code    68  controller.o(i.gyro_controller)
    high_controller                          0x08005401   Thumb Code   186  controller.o(i.high_controller)
    invSqrt                                  0x080054d1   Thumb Code    72  imath.o(i.invSqrt)
    keep_alt                                 0x0800551d   Thumb Code    78  controller.o(i.keep_alt)
    led_init                                 0x08005579   Thumb Code    72  led.o(i.led_init)
    led_off                                  0x080055c9   Thumb Code    44  led.o(i.led_off)
    led_off_all                              0x080055fd   Thumb Code    28  led.o(i.led_off_all)
    led_on                                   0x08005619   Thumb Code    44  led.o(i.led_on)
    led_on_all                               0x0800564d   Thumb Code    28  led.o(i.led_on_all)
    led_toggle                               0x08005669   Thumb Code    66  led.o(i.led_toggle)
    mahony_update                            0x080056b5   Thumb Code  1240  imu.o(i.mahony_update)
    main                                     0x08005bb1   Thumb Code   210  main.o(i.main)
    mpu6050_init                             0x08005c9d   Thumb Code    70  mpu6050.o(i.mpu6050_init)
    my_abs                                   0x08005ce3   Thumb Code    24  imath.o(i.my_abs)
    nrf_parse_packet                         0x08005cfd   Thumb Code   290  parse_packet.o(i.nrf_parse_packet)
    parse_key_info                           0x08005e31   Thumb Code   516  parse_packet.o(i.parse_key_info)
    pid_controller                           0x0800604d   Thumb Code   164  pid.o(i.pid_controller)
    pid_init                                 0x080060f1   Thumb Code    62  pid.o(i.pid_init)
    __mathlib_powf                           0x08006135   Thumb Code     0  powf.o(i.powf)
    powf                                     0x08006135   Thumb Code  1548  powf.o(i.powf)
    pwm_init                                 0x08006755   Thumb Code   200  pwm.o(i.pwm_init)
    pwm_out                                  0x08006825   Thumb Code    86  pwm.o(i.pwm_out)
    read_cal_dat                             0x08006881   Thumb Code   368  acc_cal.o(i.read_cal_dat)
    rise_alt                                 0x08006a05   Thumb Code    44  controller.o(i.rise_alt)
    rotation_matrix                          0x08006a39   Thumb Code   512  imu.o(i.rotation_matrix)
    rotation_matrix_T                        0x08006c4d   Thumb Code   520  imu.o(i.rotation_matrix_T)
    set_value                                0x08006e69   Thumb Code     8  imath.o(i.set_value)
    sin                                      0x08006e71   Thumb Code   150  sin.o(i.sin)
    sins_high                                0x08006f11   Thumb Code   542  sins.o(i.sins_high)
    spl_get_calibration_param                0x0800714d   Thumb Code   476  spl06.o(i.spl_get_calibration_param)
    spl_get_pressure                         0x08007331   Thumb Code   276  spl06.o(i.spl_get_pressure)
    spl_get_raw_pressure                     0x08007449   Thumb Code   102  spl06.o(i.spl_get_raw_pressure)
    spl_get_raw_temp                         0x080074b5   Thumb Code   106  spl06.o(i.spl_get_raw_temp)
    spl_get_temperature                      0x08007525   Thumb Code   112  spl06.o(i.spl_get_temperature)
    spl_init                                 0x0800759d   Thumb Code    60  spl06.o(i.spl_init)
    spl_read                                 0x080075e1   Thumb Code    20  spl06.o(i.spl_read)
    spl_set_rate                             0x080075f5   Thumb Code   318  spl06.o(i.spl_set_rate)
    spl_start_continuous                     0x08007739   Thumb Code    18  spl06.o(i.spl_start_continuous)
    spl_write                                0x0800774b   Thumb Code    20  spl06.o(i.spl_write)
    sqrt                                     0x0800775f   Thumb Code    76  sqrt.o(i.sqrt)
    systick_init                             0x080077ad   Thumb Code    38  systick.o(i.systick_init)
    tan                                      0x080077dd   Thumb Code    90  tan.o(i.tan)
    throttle_limit                           0x08007841   Thumb Code    14  imath.o(i.throttle_limit)
    time_check                               0x08007851   Thumb Code    54  timer.o(i.time_check)
    timer_init                               0x08007895   Thumb Code    72  timer.o(i.timer_init)
    usart2_init                              0x080078e1   Thumb Code   132  usart2.o(i.usart2_init)
    usart3_init                              0x0800796d   Thumb Code   136  usart3.o(i.usart3_init)
    voltage_detection                        0x080079fd   Thumb Code    74  adc.o(i.voltage_detection)
    wait_pairing                             0x08007a59   Thumb Code   176  pair_freq.o(i.wait_pairing)
    __aeabi_d2f                              0x08007b15   Thumb Code     0  d2f.o(x$fpl$d2f)
    _d2f                                     0x08007b15   Thumb Code    98  d2f.o(x$fpl$d2f)
    __aeabi_dadd                             0x08007b79   Thumb Code     0  daddsub_clz.o(x$fpl$dadd)
    _dadd                                    0x08007b79   Thumb Code   332  daddsub_clz.o(x$fpl$dadd)
    __fpl_dcheck_NaN1                        0x08007cc9   Thumb Code    10  dcheck1.o(x$fpl$dcheck1)
    __aeabi_ddiv                             0x08007cd9   Thumb Code     0  ddiv.o(x$fpl$ddiv)
    _ddiv                                    0x08007cd9   Thumb Code   552  ddiv.o(x$fpl$ddiv)
    __aeabi_d2iz                             0x08007f89   Thumb Code     0  dfix.o(x$fpl$dfix)
    _dfix                                    0x08007f89   Thumb Code    94  dfix.o(x$fpl$dfix)
    __aeabi_i2d                              0x08007fe7   Thumb Code     0  dflt_clz.o(x$fpl$dflt)
    _dflt                                    0x08007fe7   Thumb Code    46  dflt_clz.o(x$fpl$dflt)
    __aeabi_ui2d                             0x08008015   Thumb Code     0  dflt_clz.o(x$fpl$dfltu)
    _dfltu                                   0x08008015   Thumb Code    38  dflt_clz.o(x$fpl$dfltu)
    __aeabi_dmul                             0x0800803d   Thumb Code     0  dmul.o(x$fpl$dmul)
    _dmul                                    0x0800803d   Thumb Code   332  dmul.o(x$fpl$dmul)
    __fpl_dnaninf                            0x08008191   Thumb Code   156  dnaninf.o(x$fpl$dnaninf)
    __fpl_dretinf                            0x0800822d   Thumb Code    12  dretinf.o(x$fpl$dretinf)
    __aeabi_drsub                            0x08008239   Thumb Code     0  daddsub_clz.o(x$fpl$drsb)
    _drsb                                    0x08008239   Thumb Code    22  daddsub_clz.o(x$fpl$drsb)
    _dsqrt                                   0x08008251   Thumb Code   456  dsqrt_noumaal.o(x$fpl$dsqrt)
    __aeabi_dsub                             0x0800841d   Thumb Code     0  daddsub_clz.o(x$fpl$dsub)
    _dsub                                    0x0800841d   Thumb Code   464  daddsub_clz.o(x$fpl$dsub)
    __aeabi_f2d                              0x080085f1   Thumb Code     0  f2d.o(x$fpl$f2d)
    _f2d                                     0x080085f1   Thumb Code    86  f2d.o(x$fpl$f2d)
    __aeabi_fadd                             0x08008649   Thumb Code     0  faddsub_clz.o(x$fpl$fadd)
    _fadd                                    0x08008649   Thumb Code   196  faddsub_clz.o(x$fpl$fadd)
    __fpl_fcheck_NaN1                        0x0800870d   Thumb Code     6  fcheck1.o(x$fpl$fcheck1)
    __fpl_fcmp_Inf                           0x08008719   Thumb Code    24  fcmpi.o(x$fpl$fcmpinf)
    __aeabi_fdiv                             0x08008731   Thumb Code     0  fdiv.o(x$fpl$fdiv)
    _fdiv                                    0x08008731   Thumb Code   384  fdiv.o(x$fpl$fdiv)
    __aeabi_cfcmpeq                          0x080088b5   Thumb Code     0  feqf.o(x$fpl$feqf)
    _fcmpeq                                  0x080088b5   Thumb Code   104  feqf.o(x$fpl$feqf)
    __aeabi_f2iz                             0x0800891d   Thumb Code     0  ffix.o(x$fpl$ffix)
    _ffix                                    0x0800891d   Thumb Code    54  ffix.o(x$fpl$ffix)
    _ffix_r                                  0x08008955   Thumb Code    82  ffix.o(x$fpl$ffixr)
    __aeabi_f2uiz                            0x080089a9   Thumb Code     0  ffixu.o(x$fpl$ffixu)
    _ffixu                                   0x080089a9   Thumb Code    62  ffixu.o(x$fpl$ffixu)
    __aeabi_i2f                              0x080089e9   Thumb Code     0  fflt_clz.o(x$fpl$fflt)
    _fflt                                    0x080089e9   Thumb Code    48  fflt_clz.o(x$fpl$fflt)
    __aeabi_ui2f                             0x08008a19   Thumb Code     0  fflt_clz.o(x$fpl$ffltu)
    _ffltu                                   0x08008a19   Thumb Code    38  fflt_clz.o(x$fpl$ffltu)
    __aeabi_cfcmple                          0x08008a41   Thumb Code     0  fleqf.o(x$fpl$fleqf)
    _fcmple                                  0x08008a41   Thumb Code   104  fleqf.o(x$fpl$fleqf)
    __fpl_fcmple_InfNaN                      0x08008a93   Thumb Code     0  fleqf.o(x$fpl$fleqf)
    __aeabi_fmul                             0x08008aa9   Thumb Code     0  fmul.o(x$fpl$fmul)
    _fmul                                    0x08008aa9   Thumb Code   258  fmul.o(x$fpl$fmul)
    __fpl_fnaninf                            0x08008bab   Thumb Code   140  fnaninf.o(x$fpl$fnaninf)
    __fpl_fretinf                            0x08008c37   Thumb Code    10  fretinf.o(x$fpl$fretinf)
    __aeabi_cfrcmple                         0x08008c41   Thumb Code     0  frleqf.o(x$fpl$frleqf)
    _frcmple                                 0x08008c41   Thumb Code    98  frleqf.o(x$fpl$frleqf)
    __aeabi_frsub                            0x08008ca3   Thumb Code     0  faddsub_clz.o(x$fpl$frsb)
    _frsb                                    0x08008ca3   Thumb Code    20  faddsub_clz.o(x$fpl$frsb)
    __aeabi_fsub                             0x08008cb9   Thumb Code     0  faddsub_clz.o(x$fpl$fsub)
    _fsub                                    0x08008cb9   Thumb Code   234  faddsub_clz.o(x$fpl$fsub)
    __fpl_return_NaN                         0x08008da3   Thumb Code   100  retnan.o(x$fpl$retnan)
    __ARM_scalbn                             0x08008e07   Thumb Code    92  scalbn.o(x$fpl$scalbn)
    __ARM_scalbnf                            0x08008e63   Thumb Code    76  scalbnf.o(x$fpl$scalbnf)
    __fpl_cmpreturn                          0x08008eaf   Thumb Code    48  trapv.o(x$fpl$trapveneer)
    __I$use$fp                               0x08008ede   Number         0  usenofp.o(x$fpl$usenofp)
    controller_parameter                     0x08008ee0   Data         300  pid.o(.constdata)
    __mathlib_zero                           0x08009268   Data           8  qnan.o(.constdata)
    Region$$Table$$Base                      0x080093c0   Number         0  anon$$obj.o(Region$$Table)
    Region$$Table$$Limit                     0x080093e0   Number         0  anon$$obj.o(Region$$Table)
    SystemCoreClock                          0x20000000   Data           4  system_stm32f10x.o(.data)
    AHBPrescTable                            0x20000004   Data          16  system_stm32f10x.o(.data)
    tick_count                               0x20000014   Data           4  systick.o(.data)
    blink_speed_cnt                          0x20000018   Data           2  led.o(.data)
    blink_period_cnt                         0x2000001a   Data           2  led.o(.data)
    running_tim_cnt                          0x20000020   Data           4  timer.o(.data)
    acc_raw                                  0x20000024   Data           6  mpu6050.o(.data)
    gyro_raw                                 0x2000002a   Data           6  mpu6050.o(.data)
    gyro_30hz_parameter                      0x20000030   Data          24  mpu6050.o(.data)
    acc_5hz_parameter                        0x20000048   Data          24  mpu6050.o(.data)
    fc                                       0x20000060   Data           6  fc_status.o(.data)
    q0                                       0x20000068   Data           4  imu.o(.data)
    q1                                       0x2000006c   Data           4  imu.o(.data)
    q2                                       0x20000070   Data           4  imu.o(.data)
    q3                                       0x20000074   Data           4  imu.o(.data)
    exInt                                    0x20000078   Data           4  imu.o(.data)
    eyInt                                    0x2000007c   Data           4  imu.o(.data)
    ezInt                                    0x20000080   Data           4  imu.o(.data)
    sin_pit                                  0x20000084   Data           4  imu.o(.data)
    sin_rol                                  0x20000088   Data           4  imu.o(.data)
    sin_yaw                                  0x2000008c   Data           4  imu.o(.data)
    cos_pit                                  0x20000090   Data           4  imu.o(.data)
    cos_rol                                  0x20000094   Data           4  imu.o(.data)
    cos_yaw                                  0x20000098   Data           4  imu.o(.data)
    spl_flag                                 0x200000a0   Data           2  spl06.o(.data)
    spl_cnt                                  0x200000a2   Data           2  spl06.o(.data)
    controller_cnt                           0x200000a4   Data           3  controller.o(.data)
    throttle_type                            0x200000a8   Data           4  controller.o(.data)
    _control                                 0x200000ac   Data           1  controller.o(.data)
    Motor1                                   0x200000ae   Data           2  controller.o(.data)
    Motor2                                   0x200000b0   Data           2  controller.o(.data)
    Motor3                                   0x200000b2   Data           2  controller.o(.data)
    Motor4                                   0x200000b4   Data           2  controller.o(.data)
    high_mark_flag                           0x200000b6   Data           1  controller.o(.data)
    fix_mark_flag                            0x200000b7   Data           1  controller.o(.data)
    flow_fix_flag                            0x200000b8   Data           1  controller.o(.data)
    adc_value                                0x200000bc   Data           2  adc.o(.data)
    flash_flag                               0x200000be   Data           2  flash.o(.data)
    flash_status                             0x200000c0   Data           1  flash.o(.data)
    TIME_CONTANST_ZER                        0x200000c4   Data           4  sins.o(.data)
    pair                                     0x200000c8   Data          10  pair_freq.o(.data)
    run_start                                0x200000e8   Data          16  timer.o(.bss)
    run_stop                                 0x200000f8   Data          16  timer.o(.bss)
    acc_raw_f                                0x20000108   Data          12  mpu6050.o(.bss)
    gyro_raw_f                               0x20000114   Data          12  mpu6050.o(.bss)
    acc_att_lpf                              0x20000120   Data          12  mpu6050.o(.bss)
    acc_fix_lpf                              0x2000012c   Data          12  mpu6050.o(.bss)
    acc_1_lpf                                0x20000138   Data          12  mpu6050.o(.bss)
    acc_butter_lpf                           0x20000144   Data          12  mpu6050.o(.bss)
    gyro_lpf                                 0x20000150   Data          12  mpu6050.o(.bss)
    gyro_offset                              0x2000015c   Data          12  mpu6050.o(.bss)
    Mpu                                      0x20000168   Data          44  mpu6050.o(.bss)
    gyro_butter_data                         0x20000194   Data          72  mpu6050.o(.bss)
    acc_butter_data                          0x200001dc   Data          72  mpu6050.o(.bss)
    cal_gyro                                 0x20000224   Data          52  gyro_cal.o(.bss)
    cal_acc                                  0x20000258   Data         196  acc_cal.o(.bss)
    acc_cal_samples                          0x2000031c   Data          72  acc_cal.o(.bss)
    chip_id                                  0x20000364   Data          12  fc_status.o(.bss)
    data_to_send                             0x20000370   Data         100  usart2.o(.bss)
    Rx_packet                                0x200003d4   Data          11  parse_packet.o(.bss)
    rc                                       0x200003e0   Data          40  parse_packet.o(.bss)
    Mat                                      0x20000408   Data          72  imu.o(.bss)
    att                                      0x20000450   Data          48  imu.o(.bss)
    att_time                                 0x20000480   Data          16  imu.o(.bss)
    spl                                      0x200004bc   Data          16  spl06.o(.bss)
    all                                      0x200004cc   Data         660  pid.o(.bss)
    bat                                      0x20000760   Data          12  adc.o(.bss)
    nav                                      0x2000076c   Data          28  nav.o(.bss)
    sins_high_time                           0x20000788   Data          16  sins.o(.bss)
    sins                                     0x20000798   Data         740  sins.o(.bss)
    flow                                     0x20000a7c   Data          96  flow.o(.bss)
    __libspace_start                         0x20000adc   Data          96  libspace.o(.bss)
    __temporary_stack_top$libspace           0x20000b3c   Data           0  libspace.o(.bss)



==============================================================================

Memory Map of the image

  Image Entry point : 0x080000ed

  Load Region LR_IROM1 (Base: 0x08000000, Size: 0x000094c8, Max: 0x00010000, ABSOLUTE)

    Execution Region ER_IROM1 (Base: 0x08000000, Size: 0x000093e0, Max: 0x00010000, ABSOLUTE)

    Base Addr    Size         Type   Attr      Idx    E Section Name        Object

    0x08000000   0x000000ec   Data   RO         3169    RESET               startup_stm32f10x_md.o
    0x080000ec   0x00000008   Code   RO         3180  * !!!main             c_w.l(__main.o)
    0x080000f4   0x00000034   Code   RO         3558    !!!scatter          c_w.l(__scatter.o)
    0x08000128   0x0000001a   Code   RO         3560    !!handler_copy      c_w.l(__scatter_copy.o)
    0x08000142   0x00000002   PAD
    0x08000144   0x0000001c   Code   RO         3562    !!handler_zi        c_w.l(__scatter_zi.o)
    0x08000160   0x00000002   Code   RO         3427    .ARM.Collect$$libinit$$00000000  c_w.l(libinit.o)
    0x08000162   0x00000000   Code   RO         3433    .ARM.Collect$$libinit$$00000002  c_w.l(libinit2.o)
    0x08000162   0x00000000   Code   RO         3435    .ARM.Collect$$libinit$$00000004  c_w.l(libinit2.o)
    0x08000162   0x00000000   Code   RO         3438    .ARM.Collect$$libinit$$0000000A  c_w.l(libinit2.o)
    0x08000162   0x00000000   Code   RO         3440    .ARM.Collect$$libinit$$0000000C  c_w.l(libinit2.o)
    0x08000162   0x00000000   Code   RO         3442    .ARM.Collect$$libinit$$0000000E  c_w.l(libinit2.o)
    0x08000162   0x00000000   Code   RO         3445    .ARM.Collect$$libinit$$00000011  c_w.l(libinit2.o)
    0x08000162   0x00000000   Code   RO         3447    .ARM.Collect$$libinit$$00000013  c_w.l(libinit2.o)
    0x08000162   0x00000000   Code   RO         3449    .ARM.Collect$$libinit$$00000015  c_w.l(libinit2.o)
    0x08000162   0x00000000   Code   RO         3451    .ARM.Collect$$libinit$$00000017  c_w.l(libinit2.o)
    0x08000162   0x00000000   Code   RO         3453    .ARM.Collect$$libinit$$00000019  c_w.l(libinit2.o)
    0x08000162   0x00000000   Code   RO         3455    .ARM.Collect$$libinit$$0000001B  c_w.l(libinit2.o)
    0x08000162   0x00000000   Code   RO         3457    .ARM.Collect$$libinit$$0000001D  c_w.l(libinit2.o)
    0x08000162   0x00000000   Code   RO         3459    .ARM.Collect$$libinit$$0000001F  c_w.l(libinit2.o)
    0x08000162   0x00000000   Code   RO         3461    .ARM.Collect$$libinit$$00000021  c_w.l(libinit2.o)
    0x08000162   0x00000000   Code   RO         3463    .ARM.Collect$$libinit$$00000023  c_w.l(libinit2.o)
    0x08000162   0x00000000   Code   RO         3465    .ARM.Collect$$libinit$$00000025  c_w.l(libinit2.o)
    0x08000162   0x00000000   Code   RO         3469    .ARM.Collect$$libinit$$0000002C  c_w.l(libinit2.o)
    0x08000162   0x00000000   Code   RO         3471    .ARM.Collect$$libinit$$0000002E  c_w.l(libinit2.o)
    0x08000162   0x00000000   Code   RO         3473    .ARM.Collect$$libinit$$00000030  c_w.l(libinit2.o)
    0x08000162   0x00000000   Code   RO         3475    .ARM.Collect$$libinit$$00000032  c_w.l(libinit2.o)
    0x08000162   0x00000002   Code   RO         3476    .ARM.Collect$$libinit$$00000033  c_w.l(libinit2.o)
    0x08000164   0x00000002   Code   RO         3498    .ARM.Collect$$libshutdown$$00000000  c_w.l(libshutdown.o)
    0x08000166   0x00000000   Code   RO         3511    .ARM.Collect$$libshutdown$$00000002  c_w.l(libshutdown2.o)
    0x08000166   0x00000000   Code   RO         3513    .ARM.Collect$$libshutdown$$00000004  c_w.l(libshutdown2.o)
    0x08000166   0x00000000   Code   RO         3516    .ARM.Collect$$libshutdown$$00000007  c_w.l(libshutdown2.o)
    0x08000166   0x00000000   Code   RO         3519    .ARM.Collect$$libshutdown$$0000000A  c_w.l(libshutdown2.o)
    0x08000166   0x00000000   Code   RO         3521    .ARM.Collect$$libshutdown$$0000000C  c_w.l(libshutdown2.o)
    0x08000166   0x00000000   Code   RO         3524    .ARM.Collect$$libshutdown$$0000000F  c_w.l(libshutdown2.o)
    0x08000166   0x00000002   Code   RO         3525    .ARM.Collect$$libshutdown$$00000010  c_w.l(libshutdown2.o)
    0x08000168   0x00000000   Code   RO         3292    .ARM.Collect$$rtentry$$00000000  c_w.l(__rtentry.o)
    0x08000168   0x00000000   Code   RO         3386    .ARM.Collect$$rtentry$$00000002  c_w.l(__rtentry2.o)
    0x08000168   0x00000006   Code   RO         3398    .ARM.Collect$$rtentry$$00000004  c_w.l(__rtentry4.o)
    0x0800016e   0x00000000   Code   RO         3388    .ARM.Collect$$rtentry$$00000009  c_w.l(__rtentry2.o)
    0x0800016e   0x00000004   Code   RO         3389    .ARM.Collect$$rtentry$$0000000A  c_w.l(__rtentry2.o)
    0x08000172   0x00000000   Code   RO         3391    .ARM.Collect$$rtentry$$0000000C  c_w.l(__rtentry2.o)
    0x08000172   0x00000008   Code   RO         3392    .ARM.Collect$$rtentry$$0000000D  c_w.l(__rtentry2.o)
    0x0800017a   0x00000002   Code   RO         3430    .ARM.Collect$$rtexit$$00000000  c_w.l(rtexit.o)
    0x0800017c   0x00000000   Code   RO         3480    .ARM.Collect$$rtexit$$00000002  c_w.l(rtexit2.o)
    0x0800017c   0x00000004   Code   RO         3481    .ARM.Collect$$rtexit$$00000003  c_w.l(rtexit2.o)
    0x08000180   0x00000006   Code   RO         3482    .ARM.Collect$$rtexit$$00000004  c_w.l(rtexit2.o)
    0x08000186   0x00000002   PAD
    0x08000188   0x00000040   Code   RO         3170    .text               startup_stm32f10x_md.o
    0x080001c8   0x0000004e   Code   RO         3176    .text               c_w.l(rt_memclr_w.o)
    0x08000216   0x00000006   Code   RO         3178    .text               c_w.l(heapauxi.o)
    0x0800021c   0x00000016   Code   RO         3293    .text               c_w.l(_rserrno.o)
    0x08000232   0x00000002   PAD
    0x08000234   0x00000008   Code   RO         3403    .text               c_w.l(rt_errno_addr_intlibspace.o)
    0x0800023c   0x00000008   Code   RO         3415    .text               c_w.l(libspace.o)
    0x08000244   0x0000004a   Code   RO         3418    .text               c_w.l(sys_stackheap_outer.o)
    0x0800028e   0x00000012   Code   RO         3420    .text               c_w.l(exit.o)
    0x080002a0   0x0000000c   Code   RO         3490    .text               c_w.l(sys_exit.o)
    0x080002ac   0x00000002   Code   RO         3501    .text               c_w.l(use_no_semi.o)
    0x080002ae   0x00000000   Code   RO         3503    .text               c_w.l(indicate_semi.o)
    0x080002ae   0x00000016   Code   RO         1508    i.ADC_Cmd           stm32f10x_adc.o
    0x080002c4   0x00000016   Code   RO         1509    i.ADC_DMACmd        stm32f10x_adc.o
    0x080002da   0x00000014   Code   RO         1516    i.ADC_GetCalibrationStatus  stm32f10x_adc.o
    0x080002ee   0x00000002   PAD
    0x080002f0   0x00000050   Code   RO         1526    i.ADC_Init          stm32f10x_adc.o
    0x08000340   0x000000b8   Code   RO         1530    i.ADC_RegularChannelConfig  stm32f10x_adc.o
    0x080003f8   0x0000000a   Code   RO         1531    i.ADC_ResetCalibration  stm32f10x_adc.o
    0x08000402   0x00000016   Code   RO         1533    i.ADC_SoftwareStartConvCmd  stm32f10x_adc.o
    0x08000418   0x0000000a   Code   RO         1535    i.ADC_StartCalibration  stm32f10x_adc.o
    0x08000422   0x00000002   PAD
    0x08000424   0x00000188   Code   RO          746    i.ANO_DMA_SEND_DATA  usart2.o
    0x080005ac   0x000000b8   Code   RO          747    i.ANO_DT_Send_Power  usart2.o
    0x08000664   0x00000168   Code   RO          748    i.ANO_DT_Send_RCData  usart2.o
    0x080007cc   0x00000180   Code   RO          749    i.ANO_DT_Send_Senser  usart2.o
    0x0800094c   0x00000160   Code   RO          750    i.ANO_DT_Send_Status  usart2.o
    0x08000aac   0x00000358   Code   RO          751    i.ANO_DT_Send_User  usart2.o
    0x08000e04   0x00000004   Code   RO          187    i.BusFault_Handler  stm32f10x_it.o
    0x08000e08   0x00000132   Code   RO          633    i.Calibrate_Find_Delta  acc_cal.o
    0x08000f3a   0x00000034   Code   RO          634    i.Calibrate_Reset_Matrices  acc_cal.o
    0x08000f6e   0x000000fe   Code   RO          635    i.Calibrate_Update_Matrices  acc_cal.o
    0x0800106c   0x00000268   Code   RO          636    i.Calibrate_accel   acc_cal.o
    0x080012d4   0x00000018   Code   RO         1726    i.DMA_Cmd           stm32f10x_dma.o
    0x080012ec   0x0000014c   Code   RO         1727    i.DMA_DeInit        stm32f10x_dma.o
    0x08001438   0x0000003c   Code   RO         1732    i.DMA_Init          stm32f10x_dma.o
    0x08001474   0x00000002   Code   RO          188    i.DebugMon_Handler  stm32f10x_it.o
    0x08001476   0x00000002   PAD
    0x08001478   0x00000128   Code   RO          709    i.FC_status_polling  fc_status.o
    0x080015a0   0x0000000c   Code   RO         1796    i.FLASH_ClearFlag   stm32f10x_flash.o
    0x080015ac   0x0000004c   Code   RO         1801    i.FLASH_ErasePage   stm32f10x_flash.o
    0x080015f8   0x00000034   Code   RO         1802    i.FLASH_GetBank1Status  stm32f10x_flash.o
    0x0800162c   0x00000014   Code   RO         1812    i.FLASH_LockBank1   stm32f10x_flash.o
    0x08001640   0x0000006c   Code   RO         1816    i.FLASH_ProgramWord  stm32f10x_flash.o
    0x080016ac   0x00000018   Code   RO         1820    i.FLASH_UnlockBank1  stm32f10x_flash.o
    0x080016c4   0x00000026   Code   RO         1823    i.FLASH_WaitForLastOperation  stm32f10x_flash.o
    0x080016ea   0x00000116   Code   RO         1976    i.GPIO_Init         stm32f10x_gpio.o
    0x08001800   0x00000004   Code   RO         1983    i.GPIO_ResetBits    stm32f10x_gpio.o
    0x08001804   0x00000004   Code   RO         1984    i.GPIO_SetBits      stm32f10x_gpio.o
    0x08001808   0x00000004   Code   RO          189    i.HardFault_Handler  stm32f10x_it.o
    0x0800180c   0x00000064   Code   RO          442    i.IIC_Init          iic.o
    0x08001870   0x00000048   Code   RO          443    i.IIC_Read_Byte     iic.o
    0x080018b8   0x00000034   Code   RO          444    i.IIC_Read_One_Byte  iic.o
    0x080018ec   0x0000006c   Code   RO          446    i.IIC_Send_Byte     iic.o
    0x08001958   0x00000060   Code   RO          447    i.IIC_Slave_Ack     iic.o
    0x080019b8   0x0000002c   Code   RO          448    i.IIC_Start         iic.o
    0x080019e4   0x00000040   Code   RO          449    i.IIC_Stop          iic.o
    0x08001a24   0x00000024   Code   RO          450    i.IIC_Write_One_Byte  iic.o
    0x08001a48   0x00000002   Code   RO          451    i.IIC_delay         iic.o
    0x08001a4a   0x00000002   PAD
    0x08001a4c   0x00000100   Code   RO          935    i.Matrix_ready      imu.o
    0x08001b4c   0x00000004   Code   RO          190    i.MemManage_Handler  stm32f10x_it.o
    0x08001b50   0x00000002   Code   RO          191    i.NMI_Handler       stm32f10x_it.o
    0x08001b52   0x00000002   PAD
    0x08001b54   0x0000004c   Code   RO          878    i.NRF24L01_Check    nrf24l01.o
    0x08001ba0   0x0000004c   Code   RO          879    i.NRF24L01_Init     nrf24l01.o
    0x08001bec   0x0000005c   Code   RO          880    i.NRF24L01_RX_Mode  nrf24l01.o
    0x08001c48   0x00000034   Code   RO          881    i.NRF24L01_RxPacket  nrf24l01.o
    0x08001c7c   0x00000070   Code   RO         1466    i.NVIC_Init         misc.o
    0x08001cec   0x00000014   Code   RO         1467    i.NVIC_PriorityGroupConfig  misc.o
    0x08001d00   0x00000046   Code   RO          430    i.NVIC_config       nvic.o
    0x08001d46   0x00000002   Code   RO          192    i.PendSV_Handler    stm32f10x_it.o
    0x08001d48   0x00000018   Code   RO         2084    i.RCC_ADCCLKConfig  stm32f10x_rcc.o
    0x08001d60   0x00000020   Code   RO         2085    i.RCC_AHBPeriphClockCmd  stm32f10x_rcc.o
    0x08001d80   0x00000020   Code   RO         2086    i.RCC_APB1PeriphClockCmd  stm32f10x_rcc.o
    0x08001da0   0x00000020   Code   RO         2088    i.RCC_APB2PeriphClockCmd  stm32f10x_rcc.o
    0x08001dc0   0x000000d4   Code   RO         2096    i.RCC_GetClocksFreq  stm32f10x_rcc.o
    0x08001e94   0x00000020   Code   RO          452    i.SDA_IN            iic.o
    0x08001eb4   0x00000024   Code   RO          453    i.SDA_OUT           iic.o
    0x08001ed8   0x00000018   Code   RO         2289    i.SPI_Cmd           stm32f10x_spi.o
    0x08001ef0   0x00000012   Code   RO         2297    i.SPI_I2S_GetFlagStatus  stm32f10x_spi.o
    0x08001f02   0x00000006   Code   RO         2300    i.SPI_I2S_ReceiveData  stm32f10x_spi.o
    0x08001f08   0x00000004   Code   RO         2301    i.SPI_I2S_SendData  stm32f10x_spi.o
    0x08001f0c   0x0000003c   Code   RO         2302    i.SPI_Init          stm32f10x_spi.o
    0x08001f48   0x00000040   Code   RO          882    i.SPI_Read_Buf      nrf24l01.o
    0x08001f88   0x0000002c   Code   RO          883    i.SPI_Read_Reg      nrf24l01.o
    0x08001fb4   0x00000040   Code   RO          884    i.SPI_Write_Buf     nrf24l01.o
    0x08001ff4   0x0000002c   Code   RO          885    i.SPI_Write_Reg     nrf24l01.o
    0x08002020   0x00000002   Code   RO          193    i.SVC_Handler       stm32f10x_it.o
    0x08002022   0x00000008   Code   RO          244    i.SetSysClock       system_stm32f10x.o
    0x0800202a   0x00000002   PAD
    0x0800202c   0x000000e0   Code   RO          245    i.SetSysClockTo72   system_stm32f10x.o
    0x0800210c   0x000000a8   Code   RO          836    i.Spi_Init          spi.o
    0x080021b4   0x00000038   Code   RO          837    i.Spi_RW_Byte       spi.o
    0x080021ec   0x00000018   Code   RO          278    i.SysTick_Handler   systick.o
    0x08002204   0x00000060   Code   RO          247    i.SystemInit        system_stm32f10x.o
    0x08002264   0x000000dc   Code   RO          398    i.TIM3_IRQHandler   timer.o
    0x08002340   0x00000018   Code   RO         2432    i.TIM_ARRPreloadConfig  stm32f10x_tim.o
    0x08002358   0x00000006   Code   RO         2438    i.TIM_ClearFlag     stm32f10x_tim.o
    0x0800235e   0x00000018   Code   RO         2444    i.TIM_Cmd           stm32f10x_tim.o
    0x08002376   0x0000001e   Code   RO         2446    i.TIM_CtrlPWMOutputs  stm32f10x_tim.o
    0x08002394   0x00000012   Code   RO         2469    i.TIM_ITConfig      stm32f10x_tim.o
    0x080023a6   0x00000002   PAD
    0x080023a8   0x00000098   Code   RO         2473    i.TIM_OC1Init       stm32f10x_tim.o
    0x08002440   0x00000012   Code   RO         2476    i.TIM_OC1PreloadConfig  stm32f10x_tim.o
    0x08002452   0x00000002   PAD
    0x08002454   0x000000a4   Code   RO         2478    i.TIM_OC2Init       stm32f10x_tim.o
    0x080024f8   0x0000001a   Code   RO         2481    i.TIM_OC2PreloadConfig  stm32f10x_tim.o
    0x08002512   0x00000002   PAD
    0x08002514   0x000000a0   Code   RO         2483    i.TIM_OC3Init       stm32f10x_tim.o
    0x080025b4   0x00000012   Code   RO         2486    i.TIM_OC3PreloadConfig  stm32f10x_tim.o
    0x080025c6   0x00000002   PAD
    0x080025c8   0x0000007c   Code   RO         2488    i.TIM_OC4Init       stm32f10x_tim.o
    0x08002644   0x0000001a   Code   RO         2490    i.TIM_OC4PreloadConfig  stm32f10x_tim.o
    0x0800265e   0x00000002   PAD
    0x08002660   0x000000a4   Code   RO         2515    i.TIM_TimeBaseInit  stm32f10x_tim.o
    0x08002704   0x0000004a   Code   RO          752    i.USART2_DMA_Config  usart2.o
    0x0800274e   0x00000002   PAD
    0x08002750   0x00000030   Code   RO          753    i.USART2_DMA_SEND_DATA  usart2.o
    0x08002780   0x00000034   Code   RO         1412    i.USART3_IRQHandler  flow.o
    0x080027b4   0x0000001e   Code   RO         2977    i.USART_ClearITPendingBit  stm32f10x_usart.o
    0x080027d2   0x00000018   Code   RO         2980    i.USART_Cmd         stm32f10x_usart.o
    0x080027ea   0x00000012   Code   RO         2981    i.USART_DMACmd      stm32f10x_usart.o
    0x080027fc   0x00000054   Code   RO         2984    i.USART_GetITStatus  stm32f10x_usart.o
    0x08002850   0x0000004a   Code   RO         2986    i.USART_ITConfig    stm32f10x_usart.o
    0x0800289a   0x00000002   PAD
    0x0800289c   0x000000d8   Code   RO         2987    i.USART_Init        stm32f10x_usart.o
    0x08002974   0x0000000a   Code   RO         2994    i.USART_ReceiveData  stm32f10x_usart.o
    0x0800297e   0x00000004   Code   RO          194    i.UsageFault_Handler  stm32f10x_it.o
    0x08002982   0x00000028   Code   RO         3347    i.__ARM_fpclassify  m_ws.l(fpclassify.o)
    0x080029aa   0x00000026   Code   RO         3349    i.__ARM_fpclassifyf  m_ws.l(fpclassifyf.o)
    0x080029d0   0x00000388   Code   RO         3368    i.__ieee754_rem_pio2  m_ws.l(rred.o)
    0x08002d58   0x000000fc   Code   RO         3330    i.__kernel_cos      m_ws.l(cos_i.o)
    0x08002e54   0x000000aa   Code   RO         3365    i.__kernel_poly     m_ws.l(poly.o)
    0x08002efe   0x00000002   PAD
    0x08002f00   0x000000ec   Code   RO         3373    i.__kernel_sin      m_ws.l(sin_i.o)
    0x08002fec   0x0000027c   Code   RO         3379    i.__kernel_tan      m_ws.l(tan_i.o)
    0x08003268   0x00000006   Code   RO         3334    i.__mathlib_dbl_infnan  m_ws.l(dunder.o)
    0x0800326e   0x00000004   Code   RO         3335    i.__mathlib_dbl_infnan2  m_ws.l(dunder.o)
    0x08003272   0x0000000c   Code   RO         3336    i.__mathlib_dbl_invalid  m_ws.l(dunder.o)
    0x0800327e   0x00000002   PAD
    0x08003280   0x00000010   Code   RO         3339    i.__mathlib_dbl_underflow  m_ws.l(dunder.o)
    0x08003290   0x0000000a   Code   RO         3351    i.__mathlib_flt_divzero  m_ws.l(funder.o)
    0x0800329a   0x00000004   Code   RO         3353    i.__mathlib_flt_infnan2  m_ws.l(funder.o)
    0x0800329e   0x00000008   Code   RO         3354    i.__mathlib_flt_invalid  m_ws.l(funder.o)
    0x080032a6   0x0000000a   Code   RO         3355    i.__mathlib_flt_overflow  m_ws.l(funder.o)
    0x080032b0   0x0000000a   Code   RO         3357    i.__mathlib_flt_underflow  m_ws.l(funder.o)
    0x080032ba   0x00000002   PAD
    0x080032bc   0x000000f4   Code   RO         1175    i._controller_detect  controller.o
    0x080033b0   0x000001d8   Code   RO         1176    i._controller_output  controller.o
    0x08003588   0x0000004c   Code   RO         1177    i._controller_perform  controller.o
    0x080035d4   0x0000000e   Code   RO          976    i._set_val          imath.o
    0x080035e2   0x00000002   PAD
    0x080035e4   0x000001e0   Code   RO          637    i.acc_cal           acc_cal.o
    0x080037c4   0x000001b0   Code   RO          638    i.acc_cal_polling   acc_cal.o
    0x08003974   0x0000005c   Code   RO          520    i.acc_iir_lpf       mpu6050.o
    0x080039d0   0x0000008c   Code   RO         1284    i.adc_config        adc.o
    0x08003a5c   0x00000024   Code   RO         1285    i.adc_gpio_init     adc.o
    0x08003a80   0x00000010   Code   RO         1286    i.adc_init          adc.o
    0x08003a90   0x000000a0   Code   RO         1247    i.all_pid_init      pid.o
    0x08003b30   0x00000098   Code   RO         1178    i.angle_controller  controller.o
    0x08003bc8   0x00000270   Code   RO         3233    i.asin              m_ws.l(asin.o)
    0x08003e38   0x00000220   Code   RO         3321    i.atan              m_ws.l(atan.o)
    0x08004058   0x00000180   Code   RO         3243    i.atan2             m_ws.l(atan2.o)
    0x080041d8   0x00000080   Code   RO          337    i.blink             led.o
    0x08004258   0x00000298   Code   RO          338    i.blink_polling     led.o
    0x080044f0   0x00000074   Code   RO          734    i.butterworth_lpf   filter.o
    0x08004564   0x00000006   Code   RO         1248    i.clear_integral    pid.o
    0x0800456a   0x00000002   PAD
    0x0800456c   0x0000009c   Code   RO         3251    i.cos               m_ws.l(cos.o)
    0x08004608   0x00000044   Code   RO          279    i.delay_ms          systick.o
    0x0800464c   0x00000022   Code   RO          977    i.direction_to_zero  imath.o
    0x0800466e   0x00000002   PAD
    0x08004670   0x0000005c   Code   RO         1287    i.dma_config        adc.o
    0x080046cc   0x00000034   Code   RO         1179    i.drop_alt          controller.o
    0x08004700   0x0000015c   Code   RO         1180    i.fix_controller    controller.o
    0x0800485c   0x000001b8   Code   RO         1352    i.flash_read_cal    flash.o
    0x08004a14   0x00000108   Code   RO         1353    i.flash_write_cal   flash.o
    0x08004b1c   0x00000118   Code   RO         1413    i.flow_handle       flow.o
    0x08004c34   0x00000042   Code   RO         1414    i.flow_iir_lpf      flow.o
    0x08004c76   0x00000002   PAD
    0x08004c78   0x000000dc   Code   RO         1415    i.flow_parse        flow.o
    0x08004d54   0x0000002c   Code   RO          521    i.get_acc_g         mpu6050.o
    0x08004d80   0x000000ec   Code   RO          522    i.get_acc_raw       mpu6050.o
    0x08004e6c   0x00000024   Code   RO          710    i.get_chip_id       fc_status.o
    0x08004e90   0x00000020   Code   RO          523    i.get_data          mpu6050.o
    0x08004eb0   0x0000002c   Code   RO          524    i.get_deg_s         mpu6050.o
    0x08004edc   0x000000d0   Code   RO          525    i.get_gyro_raw      mpu6050.o
    0x08004fac   0x0000003c   Code   RO          526    i.get_iir_factor    mpu6050.o
    0x08004fe8   0x00000010   Code   RO          527    i.get_mpu_id        mpu6050.o
    0x08004ff8   0x00000160   Code   RO         1327    i.get_nav_acc       nav.o
    0x08005158   0x0000002c   Code   RO          528    i.get_rad_s         mpu6050.o
    0x08005184   0x00000048   Code   RO         1054    i.get_spl_data      spl06.o
    0x080051cc   0x0000004c   Code   RO         1055    i.get_spl_high      spl06.o
    0x08005218   0x0000005c   Code   RO         1056    i.get_spl_status    spl06.o
    0x08005274   0x000000c4   Code   RO          605    i.gyro_cal          gyro_cal.o
    0x08005338   0x0000007c   Code   RO          606    i.gyro_cal_polling  gyro_cal.o
    0x080053b4   0x0000004c   Code   RO         1181    i.gyro_controller   controller.o
    0x08005400   0x000000d0   Code   RO         1182    i.high_controller   controller.o
    0x080054d0   0x0000004c   Code   RO          978    i.invSqrt           imath.o
    0x0800551c   0x0000005c   Code   RO         1183    i.keep_alt          controller.o
    0x08005578   0x00000050   Code   RO          339    i.led_init          led.o
    0x080055c8   0x00000034   Code   RO          340    i.led_off           led.o
    0x080055fc   0x0000001c   Code   RO          341    i.led_off_all       led.o
    0x08005618   0x00000034   Code   RO          342    i.led_on            led.o
    0x0800564c   0x0000001c   Code   RO          343    i.led_on_all        led.o
    0x08005668   0x0000004c   Code   RO          344    i.led_toggle        led.o
    0x080056b4   0x000004fc   Code   RO          936    i.mahony_update     imu.o
    0x08005bb0   0x000000ec   Code   RO            1    i.main              main.o
    0x08005c9c   0x00000046   Code   RO          529    i.mpu6050_init      mpu6050.o
    0x08005ce2   0x00000018   Code   RO          979    i.my_abs            imath.o
    0x08005cfa   0x00000002   PAD
    0x08005cfc   0x00000134   Code   RO          854    i.nrf_parse_packet  parse_packet.o
    0x08005e30   0x0000021c   Code   RO          855    i.parse_key_info    parse_packet.o
    0x0800604c   0x000000a4   Code   RO         1249    i.pid_controller    pid.o
    0x080060f0   0x00000044   Code   RO         1250    i.pid_init          pid.o
    0x08006134   0x00000620   Code   RO         3259    i.powf              m_ws.l(powf.o)
    0x08006754   0x000000d0   Code   RO         1157    i.pwm_init          pwm.o
    0x08006824   0x0000005c   Code   RO         1158    i.pwm_out           pwm.o
    0x08006880   0x00000184   Code   RO          639    i.read_cal_dat      acc_cal.o
    0x08006a04   0x00000034   Code   RO         1184    i.rise_alt          controller.o
    0x08006a38   0x00000214   Code   RO          937    i.rotation_matrix   imu.o
    0x08006c4c   0x0000021c   Code   RO          938    i.rotation_matrix_T  imu.o
    0x08006e68   0x00000008   Code   RO          980    i.set_value         imath.o
    0x08006e70   0x000000a0   Code   RO         3269    i.sin               m_ws.l(sin.o)
    0x08006f10   0x0000023c   Code   RO         1393    i.sins_high         sins.o
    0x0800714c   0x000001e4   Code   RO         1057    i.spl_get_calibration_param  spl06.o
    0x08007330   0x00000118   Code   RO         1058    i.spl_get_pressure  spl06.o
    0x08007448   0x0000006c   Code   RO         1059    i.spl_get_raw_pressure  spl06.o
    0x080074b4   0x00000070   Code   RO         1060    i.spl_get_raw_temp  spl06.o
    0x08007524   0x00000078   Code   RO         1061    i.spl_get_temperature  spl06.o
    0x0800759c   0x00000044   Code   RO         1062    i.spl_init          spl06.o
    0x080075e0   0x00000014   Code   RO         1063    i.spl_read          spl06.o
    0x080075f4   0x00000144   Code   RO         1064    i.spl_set_rate      spl06.o
    0x08007738   0x00000012   Code   RO         1065    i.spl_start_continuous  spl06.o
    0x0800774a   0x00000014   Code   RO         1068    i.spl_write         spl06.o
    0x0800775e   0x0000004c   Code   RO         3277    i.sqrt              m_ws.l(sqrt.o)
    0x080077aa   0x00000002   PAD
    0x080077ac   0x00000030   Code   RO          281    i.systick_init      systick.o
    0x080077dc   0x00000064   Code   RO         3285    i.tan               m_ws.l(tan.o)
    0x08007840   0x0000000e   Code   RO          981    i.throttle_limit    imath.o
    0x0800784e   0x00000002   PAD
    0x08007850   0x00000044   Code   RO          399    i.time_check        timer.o
    0x08007894   0x0000004c   Code   RO          400    i.timer_init        timer.o
    0x080078e0   0x0000008c   Code   RO          755    i.usart2_init       usart2.o
    0x0800796c   0x00000090   Code   RO          824    i.usart3_init       usart3.o
    0x080079fc   0x0000005c   Code   RO         1288    i.voltage_detection  adc.o
    0x08007a58   0x000000bc   Code   RO         1448    i.wait_pairing      pair_freq.o
    0x08007b14   0x00000062   Code   RO         3182    x$fpl$d2f           fz_ws.l(d2f.o)
    0x08007b76   0x00000002   PAD
    0x08007b78   0x00000150   Code   RO         3184    x$fpl$dadd          fz_ws.l(daddsub_clz.o)
    0x08007cc8   0x00000010   Code   RO         3405    x$fpl$dcheck1       fz_ws.l(dcheck1.o)
    0x08007cd8   0x000002b0   Code   RO         3296    x$fpl$ddiv          fz_ws.l(ddiv.o)
    0x08007f88   0x0000005e   Code   RO         3409    x$fpl$dfix          fz_ws.l(dfix.o)
    0x08007fe6   0x0000002e   Code   RO         3191    x$fpl$dflt          fz_ws.l(dflt_clz.o)
    0x08008014   0x00000026   Code   RO         3190    x$fpl$dfltu         fz_ws.l(dflt_clz.o)
    0x0800803a   0x00000002   PAD
    0x0800803c   0x00000154   Code   RO         3196    x$fpl$dmul          fz_ws.l(dmul.o)
    0x08008190   0x0000009c   Code   RO         3301    x$fpl$dnaninf       fz_ws.l(dnaninf.o)
    0x0800822c   0x0000000c   Code   RO         3303    x$fpl$dretinf       fz_ws.l(dretinf.o)
    0x08008238   0x00000016   Code   RO         3185    x$fpl$drsb          fz_ws.l(daddsub_clz.o)
    0x0800824e   0x00000002   PAD
    0x08008250   0x000001cc   Code   RO         3305    x$fpl$dsqrt         fz_ws.l(dsqrt_noumaal.o)
    0x0800841c   0x000001d4   Code   RO         3186    x$fpl$dsub          fz_ws.l(daddsub_clz.o)
    0x080085f0   0x00000056   Code   RO         3198    x$fpl$f2d           fz_ws.l(f2d.o)
    0x08008646   0x00000002   PAD
    0x08008648   0x000000c4   Code   RO         3200    x$fpl$fadd          fz_ws.l(faddsub_clz.o)
    0x0800870c   0x0000000c   Code   RO         3413    x$fpl$fcheck1       fz_ws.l(fcheck1.o)
    0x08008718   0x00000018   Code   RO         3307    x$fpl$fcmpinf       fz_ws.l(fcmpi.o)
    0x08008730   0x00000184   Code   RO         3207    x$fpl$fdiv          fz_ws.l(fdiv.o)
    0x080088b4   0x00000068   Code   RO         3210    x$fpl$feqf          fz_ws.l(feqf.o)
    0x0800891c   0x00000036   Code   RO         3212    x$fpl$ffix          fz_ws.l(ffix.o)
    0x08008952   0x00000002   PAD
    0x08008954   0x00000052   Code   RO         3213    x$fpl$ffixr         fz_ws.l(ffix.o)
    0x080089a6   0x00000002   PAD
    0x080089a8   0x0000003e   Code   RO         3216    x$fpl$ffixu         fz_ws.l(ffixu.o)
    0x080089e6   0x00000002   PAD
    0x080089e8   0x00000030   Code   RO         3221    x$fpl$fflt          fz_ws.l(fflt_clz.o)
    0x08008a18   0x00000026   Code   RO         3220    x$fpl$ffltu         fz_ws.l(fflt_clz.o)
    0x08008a3e   0x00000002   PAD
    0x08008a40   0x00000068   Code   RO         3226    x$fpl$fleqf         fz_ws.l(fleqf.o)
    0x08008aa8   0x00000102   Code   RO         3228    x$fpl$fmul          fz_ws.l(fmul.o)
    0x08008baa   0x0000008c   Code   RO         3309    x$fpl$fnaninf       fz_ws.l(fnaninf.o)
    0x08008c36   0x0000000a   Code   RO         3311    x$fpl$fretinf       fz_ws.l(fretinf.o)
    0x08008c40   0x00000062   Code   RO         3230    x$fpl$frleqf        fz_ws.l(frleqf.o)
    0x08008ca2   0x00000014   Code   RO         3201    x$fpl$frsb          fz_ws.l(faddsub_clz.o)
    0x08008cb6   0x00000002   PAD
    0x08008cb8   0x000000ea   Code   RO         3202    x$fpl$fsub          fz_ws.l(faddsub_clz.o)
    0x08008da2   0x00000064   Code   RO         3428    x$fpl$retnan        fz_ws.l(retnan.o)
    0x08008e06   0x0000005c   Code   RO         3315    x$fpl$scalbn        fz_ws.l(scalbn.o)
    0x08008e62   0x0000004c   Code   RO         3317    x$fpl$scalbnf       fz_ws.l(scalbnf.o)
    0x08008eae   0x00000030   Code   RO         3477    x$fpl$trapveneer    fz_ws.l(trapv.o)
    0x08008ede   0x00000000   Code   RO         3319    x$fpl$usenofp       fz_ws.l(usenofp.o)
    0x08008ede   0x00000002   PAD
    0x08008ee0   0x0000012c   Data   RO         1252    .constdata          pid.o
    0x0800900c   0x00000004   PAD
    0x08009010   0x00000050   Data   RO         3234    .constdata          m_ws.l(asin.o)
    0x08009060   0x00000140   Data   RO         3260    .constdata          m_ws.l(powf.o)
    0x080091a0   0x00000098   Data   RO         3322    .constdata          m_ws.l(atan.o)
    0x08009238   0x00000030   Data   RO         3331    .constdata          m_ws.l(cos_i.o)
    0x08009268   0x00000008   Data   RO         3367    .constdata          m_ws.l(qnan.o)
    0x08009270   0x000000c8   Data   RO         3370    .constdata          m_ws.l(rred.o)
    0x08009338   0x00000028   Data   RO         3374    .constdata          m_ws.l(sin_i.o)
    0x08009360   0x00000060   Data   RO         3380    .constdata          m_ws.l(tan_i.o)
    0x080093c0   0x00000020   Data   RO         3556    Region$$Table       anon$$obj.o


    Execution Region RW_IRAM1 (Base: 0x20000000, Size: 0x00001140, Max: 0x00005000, ABSOLUTE)

    Base Addr    Size         Type   Attr      Idx    E Section Name        Object

    0x20000000   0x00000014   Data   RW          248    .data               system_stm32f10x.o
    0x20000014   0x00000004   Data   RW          282    .data               systick.o
    0x20000018   0x00000005   Data   RW          345    .data               led.o
    0x2000001d   0x00000003   PAD
    0x20000020   0x00000004   Data   RW          402    .data               timer.o
    0x20000024   0x0000003c   Data   RW          531    .data               mpu6050.o
    0x20000060   0x00000006   Data   RW          712    .data               fc_status.o
    0x20000066   0x00000001   Data   RW          757    .data               usart2.o
    0x20000067   0x00000001   PAD
    0x20000068   0x00000034   Data   RW          940    .data               imu.o
    0x2000009c   0x00000008   Data   RW         1070    .data               spl06.o
    0x200000a4   0x00000018   Data   RW         1185    .data               controller.o
    0x200000bc   0x00000002   Data   RW         1290    .data               adc.o
    0x200000be   0x00000003   Data   RW         1356    .data               flash.o
    0x200000c1   0x00000003   PAD
    0x200000c4   0x00000004   Data   RW         1395    .data               sins.o
    0x200000c8   0x0000000a   Data   RW         1449    .data               pair_freq.o
    0x200000d2   0x00000014   Data   RW         2116    .data               stm32f10x_rcc.o
    0x200000e6   0x00000002   PAD
    0x200000e8   0x00000020   Zero   RW          401    .bss                timer.o
    0x20000108   0x0000011c   Zero   RW          530    .bss                mpu6050.o
    0x20000224   0x00000034   Zero   RW          607    .bss                gyro_cal.o
    0x20000258   0x0000010c   Zero   RW          640    .bss                acc_cal.o
    0x20000364   0x0000000c   Zero   RW          711    .bss                fc_status.o
    0x20000370   0x00000064   Zero   RW          756    .bss                usart2.o
    0x200003d4   0x00000034   Zero   RW          856    .bss                parse_packet.o
    0x20000408   0x00000088   Zero   RW          939    .bss                imu.o
    0x20000490   0x0000003c   Zero   RW         1069    .bss                spl06.o
    0x200004cc   0x00000294   Zero   RW         1251    .bss                pid.o
    0x20000760   0x0000000c   Zero   RW         1289    .bss                adc.o
    0x2000076c   0x0000001c   Zero   RW         1329    .bss                nav.o
    0x20000788   0x000002f4   Zero   RW         1394    .bss                sins.o
    0x20000a7c   0x00000060   Zero   RW         1416    .bss                flow.o
    0x20000adc   0x00000060   Zero   RW         3416    .bss                c_w.l(libspace.o)
    0x20000b3c   0x00000004   PAD
    0x20000b40   0x00000200   Zero   RW         3168    HEAP                startup_stm32f10x_md.o
    0x20000d40   0x00000400   Zero   RW         3167    STACK               startup_stm32f10x_md.o


==============================================================================

Image component sizes


      Code (inc. data)   RO Data    RW Data    ZI Data      Debug   Object Name

      2528         88          0          0        268       8421   acc_cal.o
       376         40          0          2         12       4253   adc.o
      1772        176          0         24          0       7620   controller.o
         0          0          0          0          0         32   core_cm3.o
       332         28          0          6         12       2591   fc_status.o
       116          0          0          0          0       1174   filter.o
       704         16          0          3          0       3929   flash.o
       618         42          0          0         96       4149   flow.o
       320         24          0          0         52       2753   gyro_cal.o
       642         44          0          0          0       6898   iic.o
       170          4          0          0          0       4363   imath.o
      2604        160          0         52        136       4354   imu.o
      1108         66          0          5          0       5705   led.o
       236         26          0          0          0      74904   main.o
       132         22          0          0          0       1803   misc.o
       846         56          0         60        284       9998   mpu6050.o
       352         22          0          0         28       1468   nav.o
       512         46          0          0          0       6126   nrf24l01.o
        70          0          0          0          0        618   nvic.o
       188         12          0         10          0       1490   pair_freq.o
       848         42          0          0         52       3259   parse_packet.o
       398         18        300          0        660       4123   pid.o
       300         14          0          0          0       1513   pwm.o
       572         30          0          4        756       1796   sins.o
       224         18          0          0          0       1357   spi.o
      1794         82          0          8         60      10861   spl06.o
        64         26        236          0       1536        880   startup_stm32f10x_md.o
       370         10          0          0          0       7625   stm32f10x_adc.o
       416          8          0          0          0       3782   stm32f10x_dma.o
       330         38          0          0          0       6130   stm32f10x_flash.o
       286          0          0          0          0       3392   stm32f10x_gpio.o
        24          0          0          0          0       4184   stm32f10x_it.o
       332         44          0         20          0       6201   stm32f10x_rcc.o
       112          0          0          0          0       4378   stm32f10x_spi.o
       954         92          0          0          0      10548   stm32f10x_tim.o
       456          6          0          0          0       6947   stm32f10x_usart.o
       328         28          0         20          0       2637   system_stm32f10x.o
       140         22          0          4          0     214745   systick.o
       364         54          0          4         32       2965   timer.o
      2790        106          0          1        100       9394   usart2.o
       144          8          0          0          0        758   usart3.o

    ----------------------------------------------------------------------
     24910       1518        572        232       4084     460124   Object Totals
         0          0         32          0          0          0   (incl. Generated)
        38          0          4          9          0          0   (incl. Padding)

    ----------------------------------------------------------------------

      Code (inc. data)   RO Data    RW Data    ZI Data      Debug   Library Member Name

         8          0          0          0          0         68   __main.o
         0          0          0          0          0          0   __rtentry.o
        12          0          0          0          0          0   __rtentry2.o
         6          0          0          0          0          0   __rtentry4.o
        52          8          0          0          0          0   __scatter.o
        26          0          0          0          0          0   __scatter_copy.o
        28          0          0          0          0          0   __scatter_zi.o
        22          0          0          0          0        100   _rserrno.o
        18          0          0          0          0         80   exit.o
         6          0          0          0          0        152   heapauxi.o
         0          0          0          0          0          0   indicate_semi.o
         2          0          0          0          0          0   libinit.o
         2          0          0          0          0          0   libinit2.o
         2          0          0          0          0          0   libshutdown.o
         2          0          0          0          0          0   libshutdown2.o
         8          4          0          0         96         68   libspace.o
         8          4          0          0          0         68   rt_errno_addr_intlibspace.o
        78          0          0          0          0         80   rt_memclr_w.o
         2          0          0          0          0          0   rtexit.o
        10          0          0          0          0          0   rtexit2.o
        12          4          0          0          0         68   sys_exit.o
        74          0          0          0          0         80   sys_stackheap_outer.o
         2          0          0          0          0         68   use_no_semi.o
        98          4          0          0          0         92   d2f.o
       826         16          0          0          0        348   daddsub_clz.o
        16          4          0          0          0         68   dcheck1.o
       688        140          0          0          0        208   ddiv.o
        94          4          0          0          0         92   dfix.o
        84          0          0          0          0        136   dflt_clz.o
       340         12          0          0          0        104   dmul.o
       156          4          0          0          0         92   dnaninf.o
        12          0          0          0          0         68   dretinf.o
       460         56          0          0          0        120   dsqrt_noumaal.o
        86          4          0          0          0         84   f2d.o
       450          8          0          0          0        236   faddsub_clz.o
        12          4          0          0          0         68   fcheck1.o
        24          0          0          0          0         68   fcmpi.o
       388         76          0          0          0         96   fdiv.o
       104          4          0          0          0         84   feqf.o
       136          8          0          0          0        168   ffix.o
        62          4          0          0          0         84   ffixu.o
        86          0          0          0          0        136   fflt_clz.o
       104          4          0          0          0         84   fleqf.o
       258          4          0          0          0         84   fmul.o
       140          4          0          0          0         84   fnaninf.o
        10          0          0          0          0         68   fretinf.o
        98          0          0          0          0         68   frleqf.o
       100          0          0          0          0         68   retnan.o
        92          0          0          0          0         68   scalbn.o
        76          0          0          0          0         68   scalbnf.o
        48          0          0          0          0         68   trapv.o
         0          0          0          0          0          0   usenofp.o
       624         52         80          0          0        168   asin.o
       544         70        152          0          0        124   atan.o
       384         38          0          0          0        144   atan2.o
       156          8          0          0          0        104   cos.o
       252         22         48          0          0        124   cos_i.o
        38          6          0          0          0        272   dunder.o
        40          0          0          0          0         68   fpclassify.o
        38          0          0          0          0         68   fpclassifyf.o
        42          0          0          0          0        340   funder.o
       170          0          0          0          0         96   poly.o
      1568         80        320          0          0        224   powf.o
         0          0          8          0          0          0   qnan.o
       904         76        200          0          0        140   rred.o
       160         10          0          0          0        108   sin.o
       236         12         40          0          0        128   sin_i.o
        76          0          0          0          0         84   sqrt.o
       100         10          0          0          0         96   tan.o
       636         50         96          0          0        168   tan_i.o

    ----------------------------------------------------------------------
     11430        814        944          0        100       6300   Library Totals
        34          0          0          0          4          0   (incl. Padding)

    ----------------------------------------------------------------------

      Code (inc. data)   RO Data    RW Data    ZI Data      Debug   Library Name

       380         20          0          0         96        832   c_w.l
      5048        360          0          0          0       3012   fz_ws.l
      5968        434        944          0          0       2456   m_ws.l

    ----------------------------------------------------------------------
     11430        814        944          0        100       6300   Library Totals

    ----------------------------------------------------------------------

==============================================================================


      Code (inc. data)   RO Data    RW Data    ZI Data      Debug   

     36340       2332       1516        232       4184     453420   Grand Totals
     36340       2332       1516        232       4184     453420   ELF Image Totals
     36340       2332       1516        232          0          0   ROM Totals

==============================================================================

    Total RO  Size (Code + RO Data)                37856 (  36.97kB)
    Total RW  Size (RW Data + ZI Data)              4416 (   4.31kB)
    Total ROM Size (Code + RO Data + RW Data)      38088 (  37.20kB)

==============================================================================

